Archive member included to satisfy reference by file (symbol)

/opt/devkitpro/libnx/lib/libnx.a(sm.o)
                              main.o (smGetServiceWrapper)
/opt/devkitpro/libnx/lib/libnx.a(applet.o)
                              main.o (appletMainLoop)
/opt/devkitpro/libnx/lib/libnx.a(hosversion.o)
                              /opt/devkitpro/libnx/lib/libnx.a(sm.o) (hosversionGet)
/opt/devkitpro/libnx/lib/libnx.a(env.o)
                              /opt/devkitpro/libnx/lib/libnx.a(applet.o) (envIsNso)
/opt/devkitpro/libnx/lib/libnx.a(pad.o)
                              main.o (padConfigureInput)
/opt/devkitpro/libnx/lib/libnx.a(diag.o)
                              /opt/devkitpro/libnx/lib/libnx.a(sm.o) (diagAbortWithResult)
/opt/devkitpro/libnx/lib/libnx.a(resolver.o)
                              main.o (freeaddrinfo)
/opt/devkitpro/libnx/lib/libnx.a(socket.o)
                              main.o (socketExit)
/opt/devkitpro/libnx/lib/libnx.a(console.o)
                              main.o (consoleInit)
/opt/devkitpro/libnx/lib/libnx.a(console_sw.o)
                              /opt/devkitpro/libnx/lib/libnx.a(console.o) (getDefaultConsoleRenderer)
/opt/devkitpro/libnx/lib/libnx.a(convert_errno.o)
                              /opt/devkitpro/libnx/lib/libnx.a(socket.o) (_convert_errno)
/opt/devkitpro/libnx/lib/libnx.a(inet_addr.o)
                              main.o (inet_ntop)
/opt/devkitpro/libnx/lib/libnx.a(svc.o)
                              /opt/devkitpro/libnx/lib/libnx.a(applet.o) (svcExitProcess)
/opt/devkitpro/libnx/lib/libnx.a(readtp.o)
                              /opt/devkitpro/libnx/lib/libnx.a(resolver.o) (__aarch64_read_tp)
/opt/devkitpro/libnx/lib/libnx.a(switch_crt0.o)
                              (_start)
/opt/devkitpro/libnx/lib/libnx.a(default_font.bin.o)
                              /opt/devkitpro/libnx/lib/libnx.a(console.o) (default_font_bin)
/opt/devkitpro/libnx/lib/libnx.a(tmem.o)
                              /opt/devkitpro/libnx/lib/libnx.a(applet.o) (tmemCreate)
/opt/devkitpro/libnx/lib/libnx.a(wait.o)
                              /opt/devkitpro/libnx/lib/libnx.a(applet.o) (waitObjects)
/opt/devkitpro/libnx/lib/libnx.a(mutex.o)
                              /opt/devkitpro/libnx/lib/libnx.a(sm.o) (mutexLock)
/opt/devkitpro/libnx/lib/libnx.a(virtmem.o)
                              /opt/devkitpro/libnx/lib/libnx.a(tmem.o) (virtmemLock)
/opt/devkitpro/libnx/lib/libnx.a(event.o)
                              /opt/devkitpro/libnx/lib/libnx.a(applet.o) (eventLoadRemote)
/opt/devkitpro/libnx/lib/libnx.a(random.o)
                              /opt/devkitpro/libnx/lib/libnx.a(virtmem.o) (randomGet64)
/opt/devkitpro/libnx/lib/libnx.a(apm.o)
                              /opt/devkitpro/libnx/lib/libnx.a(applet.o) (apmInitialize)
/opt/devkitpro/libnx/lib/libnx.a(ssl.o)
                              /opt/devkitpro/libnx/lib/libnx.a(socket.o) (sslConnectionSetSocketDescriptor)
/opt/devkitpro/libnx/lib/libnx.a(sfdnsres.o)
                              /opt/devkitpro/libnx/lib/libnx.a(resolver.o) (sfdnsresGetHostByNameRequest)
/opt/devkitpro/libnx/lib/libnx.a(bsd.o)
                              /opt/devkitpro/libnx/lib/libnx.a(socket.o) (g_bsdResult)
/opt/devkitpro/libnx/lib/libnx.a(nifm.o)
                              /opt/devkitpro/libnx/lib/libnx.a(resolver.o) (nifmInitialize)
/opt/devkitpro/libnx/lib/libnx.a(hid.o)
                              /opt/devkitpro/libnx/lib/libnx.a(pad.o) (hidGetNpadStyleSet)
/opt/devkitpro/libnx/lib/libnx.a(framebuffer.o)
                              /opt/devkitpro/libnx/lib/libnx.a(console_sw.o) (framebufferMakeLinear)
/opt/devkitpro/libnx/lib/libnx.a(default_window.o)
                              /opt/devkitpro/libnx/lib/libnx.a(console_sw.o) (nwindowGetDefault)
/opt/devkitpro/libnx/lib/libnx.a(native_window.o)
                              /opt/devkitpro/libnx/lib/libnx.a(framebuffer.o) (nwindowIsValid)
/opt/devkitpro/libnx/lib/libnx.a(dynamic.o)
                              /opt/devkitpro/libnx/lib/libnx.a(switch_crt0.o) (__nx_dynamic)
/opt/devkitpro/libnx/lib/libnx.a(init.o)
                              /opt/devkitpro/libnx/lib/libnx.a(switch_crt0.o) (__libnx_init)
/opt/devkitpro/libnx/lib/libnx.a(alloc.o)
                              /opt/devkitpro/libnx/lib/libnx.a(resolver.o) (__libnx_alloc)
/opt/devkitpro/libnx/lib/libnx.a(newlib.o)
                              /opt/devkitpro/libnx/lib/libnx.a(init.o) (__libnx_init_time)
/opt/devkitpro/libnx/lib/libnx.a(argv.o)
                              /opt/devkitpro/libnx/lib/libnx.a(init.o) (argvSetup)
/opt/devkitpro/libnx/lib/libnx.a(fs_dev.o)
                              /opt/devkitpro/libnx/lib/libnx.a(init.o) (fsdevMountSdmc)
/opt/devkitpro/libnx/lib/libnx.a(decode_utf8.o)
                              /opt/devkitpro/libnx/lib/libnx.a(fs_dev.o) (decode_utf8)
/opt/devkitpro/libnx/lib/libnx.a(cache.o)
[...]
Memory Configuration

Name             Origin             Length             Attributes
*default*        0x0000000000000000 0xffffffffffffffff

Linker script and memory map

                0x0000000000000000                PROVIDE (__start__ = 0x0)
                0x0000000000000000                . = __start__
                0x0000000000000000                __code_start = .

.crt0           0x0000000000000000      0x140
 *(.crt0)
 .crt0          0x0000000000000000      0x140 /opt/devkitpro/libnx/lib/libnx.a(switch_crt0.o)
                0x0000000000000000                _start
                0x0000000000000108                __nx_exit
                0x0000000000000118                __nx_mod0
                0x0000000000000140                . = ALIGN (0x8)

.init           0x0000000000000140       0x38
 *(.init)
 .init          0x0000000000000140       0x18 /opt/devkitpro/devkitA64/bin/../lib/gcc/aarch64-none-elf/10.2.0/pic/crti.o
                0x0000000000000140                _init
 .init          0x0000000000000158       0x1c /opt/devkitpro/devkitA64/bin/../lib/gcc/aarch64-none-elf/10.2.0/pic/crtn.o
                0x0000000000000178                . = ALIGN (0x8)
 *fill*         0x0000000000000174        0x4 

.plt            0x0000000000000178        0x0
 *(.plt)
 .plt           0x0000000000000178        0x0 /opt/devkitpro/devkitA64/bin/../lib/gcc/aarch64-none-elf/10.2.0/pic/crti.o
 *(.iplt)
                0x0000000000000178                . = ALIGN (0x8)

.text           0x0000000000000180    0x2d520
 *(.text.unlikely .text.*_unlikely .text.unlikely.*)
 *(.text.exit .text.exit.*)
 .text.exit     0x0000000000000180       0x38 /opt/devkitpro/devkitA64/bin/../lib/gcc/aarch64-none-elf/10.2.0/../../../../aarch64-none-elf/lib/pic/libg.a(lib_a-exit.o)
                0x0000000000000180                exit
 *(.text.startup .text.startup.*)
 *fill*         0x00000000000001b8        0x8 
 .text.startup.main
                0x00000000000001c0      0x2c0 main.o
                0x00000000000001c0                main
 *(.text.hot .text.hot.*)
 *(.text .stub .text.* .gnu.linkonce.t.*)
 .text.__do_global_dtors_aux
                0x0000000000000480       0x44 /opt/devkitpro/devkitA64/bin/../lib/gcc/aarch64-none-elf/10.2.0/pic/crtbegin.o
 *fill*         0x00000000000004c4        0xc 
 .text.frame_dummy
                0x00000000000004d0       0x24 /opt/devkitpro/devkitA64/bin/../lib/gcc/aarch64-none-elf/10.2.0/pic/crtbegin.o
 *fill*         0x00000000000004f4        0xc 
 .text.libnx_getaddrinfo
                0x0000000000000500      0x128 main.o
                0x0000000000000500                libnx_getaddrinfo
 *fill*         0x0000000000000628        0x8 
 .text._smCmdInPid
                0x0000000000000630       0xd0 /opt/devkitpro/libnx/lib/libnx.a(sm.o)
 .text._smCleanup
                0x0000000000000700       0x68 /opt/devkitpro/libnx/lib/libnx.a(sm.o)
 *fill*         0x0000000000000768        0x8 
 .text.smAddOverrideHandle
                0x0000000000000770       0x48 /opt/devkitpro/libnx/lib/libnx.a(sm.o)
                0x0000000000000770                smAddOverrideHandle
 *fill*         0x00000000000007b8        0x8 
 .text.smGetServiceOverride
                0x00000000000007c0       0x54 /opt/devkitpro/libnx/lib/libnx.a(sm.o)
                0x00000000000007c0                smGetServiceOverride
 *fill*         0x0000000000000814        0xc 
 .text.smExit   0x0000000000000820       0x44 /opt/devkitpro/libnx/lib/libnx.a(sm.o)
                0x0000000000000820                smExit
 *fill*         0x0000000000000864        0xc 
 .text.smGetServiceOriginal
                0x0000000000000870       0xd0 /opt/devkitpro/libnx/lib/libnx.a(sm.o)
                0x0000000000000870                smGetServiceOriginal
 .text.smInitialize
                0x0000000000000940      0x1e0 /opt/devkitpro/libnx/lib/libnx.a(sm.o)
                0x0000000000000940                smInitialize
 .text.smGetServiceWrapper
                0x0000000000000b20      0x120 /opt/devkitpro/libnx/lib/libnx.a(sm.o)
                0x0000000000000b20                smGetServiceWrapper
 .text._appletInfiniteSleepLoop
                0x0000000000000c40       0x24 /opt/devkitpro/libnx/lib/libnx.a(applet.o)
 *fill*         0x0000000000000c64        0xc 
 .text._appletCmdGetSession
                0x0000000000000c70       0xf0 /opt/devkitpro/libnx/lib/libnx.a(applet.o)
 .text._appletCmdInU8NoOut
                0x0000000000000d60       0xcc /opt/devkitpro/libnx/lib/libnx.a(applet.o)
 *fill*         0x0000000000000e2c        0x4 
 .text._appletGetLaunchReason
                0x0000000000000e30      0x110 /opt/devkitpro/libnx/lib/libnx.a(applet.o)
 .text._appletSetFocusHandlingMode
                0x0000000000000f40       0xe4 /opt/devkitpro/libnx/lib/libnx.a(applet.o)
 *fill*         0x0000000000001024        0xc 
 .text._appletCmdInU32NoOut
                0x0000000000001030       0xcc /opt/devkitpro/libnx/lib/libnx.a(applet.o)
 *fill*         0x00000000000010fc        0x4 
 .text._appletGetSessionProxy.constprop.0
                0x0000000000001100      0x118 /opt/devkitpro/libnx/lib/libnx.a(applet.o)
 *fill*         0x0000000000001218        0x8 
 .text._appletOpenLibraryAppletProxy.constprop.0
                0x0000000000001220      0x134 /opt/devkitpro/libnx/lib/libnx.a(applet.o)
 *fill*         0x0000000000001354        0xc 
 .text._appletCmdGetHandle.constprop.0.isra.0
                0x0000000000001360       0xd0 /opt/devkitpro/libnx/lib/libnx.a(applet.o)
 .text._appletCmdNoInOutU8.isra.0
                0x0000000000001430       0xd4 /opt/devkitpro/libnx/lib/libnx.a(applet.o)
 *fill*         0x0000000000001504        0xc 
 .text._appletCmdNoInOutU32.isra.0
                0x0000000000001510       0xd4 /opt/devkitpro/libnx/lib/libnx.a(applet.o)
 *fill*         0x00000000000015e4        0xc 
 .text._appletCmdNoInOutU64.isra.0
                0x00000000000015f0       0xd4 /opt/devkitpro/libnx/lib/libnx.a(applet.o)
 *fill*         0x00000000000016c4        0xc 
 .text._appletCmdNoIO.isra.0
                0x00000000000016d0       0xc0 /opt/devkitpro/libnx/lib/libnx.a(applet.o)
 .text.appletGetAppletType
                0x0000000000001790       0x10 /opt/devkitpro/libnx/lib/libnx.a(applet.o)
                0x0000000000001790                appletGetAppletType
 .text.appletSetFocusHandlingMode
                0x00000000000017a0      0x118 /opt/devkitpro/libnx/lib/libnx.a(applet.o)
                0x00000000000017a0                appletSetFocusHandlingMode
 *fill*         0x00000000000018b8        0x8 
 .text.appletSetCpuBoostMode
                0x00000000000018c0       0x5c /opt/devkitpro/libnx/lib/libnx.a(applet.o)
                0x00000000000018c0                appletSetCpuBoostMode
 *fill*         0x000000000000191c        0x4 
 .text.appletCreateManagedDisplayLayer
                0x0000000000001920       0x2c /opt/devkitpro/libnx/lib/libnx.a(applet.o)
                0x0000000000001920                appletCreateManagedDisplayLayer
 *fill*         0x000000000000194c        0x4 
 .text.appletGetAppletResourceUserId
                0x0000000000001950        0xc /opt/devkitpro/libnx/lib/libnx.a(applet.o)
                0x0000000000001950                appletGetAppletResourceUserId
 *fill*         0x000000000000195c        0x4 
 .text._appletGetIndirectLayerConsumerHandle
                0x0000000000001960       0xf8 /opt/devkitpro/libnx/lib/libnx.a(applet.o)
 *fill*         0x0000000000001a58        0x8 
 .text._appletHolderCreateState
                0x0000000000001a60       0x88 /opt/devkitpro/libnx/lib/libnx.a(applet.o)
 *fill*         0x0000000000001ae8        0x8 
 .text.appletHolderClose
                0x0000000000001af0       0xb4 /opt/devkitpro/libnx/lib/libnx.a(applet.o)
                0x0000000000001af0                appletHolderClose
 *fill*         0x0000000000001ba4        0xc 
 .text.appletHolderGetLibraryAppletInfo
                0x0000000000001bb0       0x24 /opt/devkitpro/libnx/lib/libnx.a(applet.o)
                0x0000000000001bb0                appletHolderGetLibraryAppletInfo
 *fill*         0x0000000000001bd4        0xc 
 .text.appletNotifyRunning
                0x0000000000001be0       0x90 /opt/devkitpro/libnx/lib/libnx.a(applet.o)
                0x0000000000001be0                appletNotifyRunning
 .text.appletSetGamePlayRecordingState
                0x0000000000001c70       0x8c /opt/devkitpro/libnx/lib/libnx.a(applet.o)
                0x0000000000001c70                appletSetGamePlayRecordingState
 *fill*         0x0000000000001cfc        0x4 
 .text._appletCleanup
                0x0000000000001d00      0xac4 /opt/devkitpro/libnx/lib/libnx.a(applet.o)
 *fill*         0x00000000000027c4        0xc 
 .text.appletExit
                0x00000000000027d0       0x44 /opt/devkitpro/libnx/lib/libnx.a(applet.o)
                0x00000000000027d0                appletExit
 *fill*         0x0000000000002814        0xc 
 .text.appletGetLibraryAppletInfo
                0x0000000000002820       0x40 /opt/devkitpro/libnx/lib/libnx.a(applet.o)
                0x0000000000002820                appletGetLibraryAppletInfo
 .text.appletInitialize
                0x0000000000002860      0xa28 /opt/devkitpro/libnx/lib/libnx.a(applet.o)
                0x0000000000002860                appletInitialize
 *fill*         0x0000000000003288        0x8 
 .text._appletExitProcess
                0x0000000000003290       0x24 /opt/devkitpro/libnx/lib/libnx.a(applet.o)
 *fill*         0x00000000000032b4        0xc 
 .text.appletGetMessage
                0x00000000000032c0       0x74 /opt/devkitpro/libnx/lib/libnx.a(applet.o)
                0x00000000000032c0                appletGetMessage
 *fill*         0x0000000000003334        0xc 
 .text.appletProcessMessage
                0x0000000000003340      0x248 /opt/devkitpro/libnx/lib/libnx.a(applet.o)
                0x0000000000003340                appletProcessMessage
 *fill*         0x0000000000003588        0x8 
 .text.appletMainLoop
                0x0000000000003590       0x34 /opt/devkitpro/libnx/lib/libnx.a(applet.o)
                0x0000000000003590                appletMainLoop
 *fill*         0x00000000000035c4        0xc 
 .text.hosversionGet
                0x00000000000035d0       0x14 /opt/devkitpro/libnx/lib/libnx.a(hosversion.o)
                0x00000000000035d0                hosversionGet
 *fill*         0x00000000000035e4        0xc 
 .text.hosversionSet
                0x00000000000035f0       0x10 /opt/devkitpro/libnx/lib/libnx.a(hosversion.o)
                0x00000000000035f0                hosversionSet
 .text.envSetup
                0x0000000000003600      0x224 /opt/devkitpro/libnx/lib/libnx.a(env.o)
                0x0000000000003600                envSetup
 *fill*         0x0000000000003824        0xc 
 .text.envGetMainThreadHandle
                0x0000000000003830       0x20 /opt/devkitpro/libnx/lib/libnx.a(env.o)
                0x0000000000003830                envGetMainThreadHandle
 .text.envIsNso
                0x0000000000003850        0xc /opt/devkitpro/libnx/lib/libnx.a(env.o)
                0x0000000000003850                envIsNso
 *fill*         0x000000000000385c        0x4 
 .text.envHasHeapOverride
                0x0000000000003860       0x14 /opt/devkitpro/libnx/lib/libnx.a(env.o)
                0x0000000000003860                envHasHeapOverride
 *fill*         0x0000000000003874        0xc 
 .text.envGetHeapOverrideAddr
                0x0000000000003880        0xc /opt/devkitpro/libnx/lib/libnx.a(env.o)
                0x0000000000003880                envGetHeapOverrideAddr
 *fill*         0x000000000000388c        0x4 
 .text.envGetHeapOverrideSize
                0x0000000000003890        0xc /opt/devkitpro/libnx/lib/libnx.a(env.o)
                0x0000000000003890                envGetHeapOverrideSize
 *fill*         0x000000000000389c        0x4 
 .text.envHasArgv
                0x00000000000038a0       0x14 /opt/devkitpro/libnx/lib/libnx.a(env.o)
                0x00000000000038a0                envHasArgv
 *fill*         0x00000000000038b4        0xc 
 .text.envGetArgv
                0x00000000000038c0        0xc /opt/devkitpro/libnx/lib/libnx.a(env.o)
                0x00000000000038c0                envGetArgv
 *fill*         0x00000000000038cc        0x4 
 .text.envGetExitFuncPtr
                0x00000000000038d0        0xc /opt/devkitpro/libnx/lib/libnx.a(env.o)
                0x00000000000038d0                envGetExitFuncPtr
 *fill*         0x00000000000038dc        0x4 
 .text.envSetExitFuncPtr
                0x00000000000038e0        0xc /opt/devkitpro/libnx/lib/libnx.a(env.o)
                0x00000000000038e0                envSetExitFuncPtr
 *fill*         0x00000000000038ec        0x4 
 .text.envHasRandomSeed
                0x00000000000038f0        0xc /opt/devkitpro/libnx/lib/libnx.a(env.o)
                0x00000000000038f0                envHasRandomSeed
 *fill*         0x00000000000038fc        0x4 
 .text.envGetRandomSeed
                0x0000000000003900       0x18 /opt/devkitpro/libnx/lib/libnx.a(env.o)
                0x0000000000003900                envGetRandomSeed
 *fill*         0x0000000000003918        0x8 
 .text._padUpdateWithCommonState
                0x0000000000003920       0x5c /opt/devkitpro/libnx/lib/libnx.a(pad.o)
 *fill*         0x000000000000397c        0x4 
 .text.padConfigureInput
                0x0000000000003980       0x9c /opt/devkitpro/libnx/lib/libnx.a(pad.o)
                0x0000000000003980                padConfigureInput
 *fill*         0x0000000000003a1c        0x4 
 .text.padInitializeWithMask
                0x0000000000003a20       0x20 /opt/devkitpro/libnx/lib/libnx.a(pad.o)
                0x0000000000003a20                padInitializeWithMask
 .text.padUpdate
                0x0000000000003a40      0x238 /opt/devkitpro/libnx/lib/libnx.a(pad.o)
                0x0000000000003a40                padUpdate
 *fill*         0x0000000000003c78        0x8 
 .text.diagAbortWithResult
                0x0000000000003c80       0x1c /opt/devkitpro/libnx/lib/libnx.a(diag.o)
                0x0000000000003c80                diagAbortWithResult
 *fill*         0x0000000000003c9c        0x4 
 .text.freeaddrinfo
                0x0000000000003ca0       0x38 /opt/devkitpro/libnx/lib/libnx.a(resolver.o)
                0x0000000000003ca0                freeaddrinfo
 *fill*         0x0000000000003cd8        0x8 
 .text.gai_strerror
                0x0000000000003ce0       0x74 /opt/devkitpro/libnx/lib/libnx.a(resolver.o)
                0x0000000000003ce0                gai_strerror
 *fill*         0x0000000000003d54        0xc 
 .text.getaddrinfo
                0x0000000000003d60      0x5a8 /opt/devkitpro/libnx/lib/libnx.a(resolver.o)
                0x0000000000003d60                getaddrinfo
 *fill*         0x0000000000004308        0x8 
 .text._socketParseBsdResult.part.0
                0x0000000000004310       0xa8 /opt/devkitpro/libnx/lib/libnx.a(socket.o)
 *fill*         0x00000000000043b8        0x8 
 .text._socketRead
                0x00000000000043c0       0x48 /opt/devkitpro/libnx/lib/libnx.a(socket.o)
 *fill*         0x0000000000004408        0x8 
 .text._socketWrite
                0x0000000000004410       0x48 /opt/devkitpro/libnx/lib/libnx.a(socket.o)
 *fill*         0x0000000000004458        0x8 
 .text._socketClose
                0x0000000000004460       0x3c /opt/devkitpro/libnx/lib/libnx.a(socket.o)
 *fill*         0x000000000000449c        0x4 
 .text._socketOpen
                0x00000000000044a0       0x78 /opt/devkitpro/libnx/lib/libnx.a(socket.o)
 *fill*         0x0000000000004518        0x8 
 .text.socketExit
                0x0000000000004520       0x1c /opt/devkitpro/libnx/lib/libnx.a(socket.o)
                0x0000000000004520                socketExit
 *fill*         0x000000000000453c        0x4 
 .text.socketInitialize
                0x0000000000004540      0x11c /opt/devkitpro/libnx/lib/libnx.a(socket.o)
                0x0000000000004540                socketInitialize
 *fill*         0x000000000000465c        0x4 
 .text.consoleDrawChar
                0x0000000000004660       0x48 /opt/devkitpro/libnx/lib/libnx.a(console.o)
 *fill*         0x00000000000046a8        0x8 
 .text.consoleNewRow
                0x00000000000046b0       0xb0 /opt/devkitpro/libnx/lib/libnx.a(console.o)
 .text.con_write
                0x0000000000004760      0xc4c /opt/devkitpro/libnx/lib/libnx.a(console.o)
 *fill*         0x00000000000053ac        0x4 
 .text.consoleInit
                0x00000000000053b0      0x170 /opt/devkitpro/libnx/lib/libnx.a(console.o)
                0x00000000000053b0                consoleInit
 .text.consoleExit
                0x0000000000005520       0x48 /opt/devkitpro/libnx/lib/libnx.a(console.o)
                0x0000000000005520                consoleExit
 *fill*         0x0000000000005568        0x8 
 .text.consoleUpdate
                0x0000000000005570       0x2c /opt/devkitpro/libnx/lib/libnx.a(console.o)
                0x0000000000005570                consoleUpdate
 *fill*         0x000000000000559c        0x4 
 .text.ConsoleSwRenderer_drawChar
                0x00000000000055a0      0x194 /opt/devkitpro/libnx/lib/libnx.a(console_sw.o)
 *fill*         0x0000000000005734        0xc 
 .text.ConsoleSwRenderer_init
                0x0000000000005740       0xfc /opt/devkitpro/libnx/lib/libnx.a(console_sw.o)
 *fill*         0x000000000000583c        0x4 
 .text.ConsoleSwRenderer_flushAndSwap
                0x0000000000005840       0x70 /opt/devkitpro/libnx/lib/libnx.a(console_sw.o)
 .text.ConsoleSwRenderer_scrollWindow
                0x00000000000058b0       0xc8 /opt/devkitpro/libnx/lib/libnx.a(console_sw.o)
 *fill*         0x0000000000005978        0x8 
 .text.ConsoleSwRenderer_deinit
                0x0000000000005980       0x4c /opt/devkitpro/libnx/lib/libnx.a(console_sw.o)
 *fill*         0x00000000000059cc        0x4 
 .text.getDefaultConsoleRenderer
                0x00000000000059d0        0xc /opt/devkitpro/libnx/lib/libnx.a(console_sw.o)
                0x00000000000059d0                getDefaultConsoleRenderer
 *fill*         0x00000000000059dc        0x4 
 .text._convert_errno
                0x00000000000059e0       0x2c /opt/devkitpro/libnx/lib/libnx.a(convert_errno.o)
                0x00000000000059e0                _convert_errno
 *fill*         0x0000000000005a0c        0x4 
 .text.inet_ntop4.part.0
                0x0000000000005a10       0xe8 /opt/devkitpro/libnx/lib/libnx.a(inet_addr.o)
 *fill*         0x0000000000005af8        0x8 
 .text.inet_ntop
                0x0000000000005b00      0x35c /opt/devkitpro/libnx/lib/libnx.a(inet_addr.o)
                0x0000000000005b00                inet_ntop
 .text.svcSetHeapSize
                0x0000000000005e5c       0x14 /opt/devkitpro/libnx/lib/libnx.a(svc.o)
                0x0000000000005e5c                svcSetHeapSize
 .text.svcSetMemoryAttribute
                0x0000000000005e70        0x8 /opt/devkitpro/libnx/lib/libnx.a(svc.o)
                0x0000000000005e70                svcSetMemoryAttribute
 .text.svcUnmapMemory
                0x0000000000005e78        0x8 /opt/devkitpro/libnx/lib/libnx.a(svc.o)
                0x0000000000005e78                svcUnmapMemory
 .text.svcQueryMemory
                0x0000000000005e80       0x14 /opt/devkitpro/libnx/lib/libnx.a(svc.o)
                0x0000000000005e80                svcQueryMemory
 .text.svcExitProcess
                0x0000000000005e94        0x8 /opt/devkitpro/libnx/lib/libnx.a(svc.o)
                0x0000000000005e94                svcExitProcess
 .text.svcSleepThread
                0x0000000000005e9c        0x8 /opt/devkitpro/libnx/lib/libnx.a(svc.o)
                0x0000000000005e9c                svcSleepThread
 .text.svcMapSharedMemory
                0x0000000000005ea4        0x8 /opt/devkitpro/libnx/lib/libnx.a(svc.o)
                0x0000000000005ea4                svcMapSharedMemory
 .text.svcUnmapSharedMemory
                0x0000000000005eac        0x8 /opt/devkitpro/libnx/lib/libnx.a(svc.o)
                0x0000000000005eac                svcUnmapSharedMemory
 .text.svcCreateTransferMemory
                0x0000000000005eb4       0x14 /opt/devkitpro/libnx/lib/libnx.a(svc.o)
                0x0000000000005eb4                svcCreateTransferMemory
 .text.svcCloseHandle
                0x0000000000005ec8        0x8 /opt/devkitpro/libnx/lib/libnx.a(svc.o)
                0x0000000000005ec8                svcCloseHandle
 .text.svcResetSignal
                0x0000000000005ed0        0x8 /opt/devkitpro/libnx/lib/libnx.a(svc.o)
                0x0000000000005ed0                svcResetSignal
 .text.svcWaitSynchronization
                0x0000000000005ed8       0x14 /opt/devkitpro/libnx/lib/libnx.a(svc.o)
                0x0000000000005ed8                svcWaitSynchronization
 .text.svcArbitrateLock
                0x0000000000005eec        0x8 /opt/devkitpro/libnx/lib/libnx.a(svc.o)
                0x0000000000005eec                svcArbitrateLock
 .text.svcArbitrateUnlock
                0x0000000000005ef4        0x8 /opt/devkitpro/libnx/lib/libnx.a(svc.o)
                0x0000000000005ef4                svcArbitrateUnlock
 .text.svcWaitProcessWideKeyAtomic
                0x0000000000005efc        0x8 /opt/devkitpro/libnx/lib/libnx.a(svc.o)
                0x0000000000005efc                svcWaitProcessWideKeyAtomic
 .text.svcSignalProcessWideKey
                0x0000000000005f04        0x8 /opt/devkitpro/libnx/lib/libnx.a(svc.o)
                0x0000000000005f04                svcSignalProcessWideKey
 .text.svcConnectToNamedPort
                0x0000000000005f0c       0x14 /opt/devkitpro/libnx/lib/libnx.a(svc.o)
                0x0000000000005f0c                svcConnectToNamedPort
 .text.svcSendSyncRequest
                0x0000000000005f20        0x8 /opt/devkitpro/libnx/lib/libnx.a(svc.o)
                0x0000000000005f20                svcSendSyncRequest
 .text.svcBreak
                0x0000000000005f28        0x8 /opt/devkitpro/libnx/lib/libnx.a(svc.o)
                0x0000000000005f28                svcBreak
 .text.svcReturnFromException
                0x0000000000005f30        0x8 /opt/devkitpro/libnx/lib/libnx.a(svc.o)
                0x0000000000005f30                svcReturnFromException
 .text.svcGetInfo
                0x0000000000005f38       0x14 /opt/devkitpro/libnx/lib/libnx.a(svc.o)
                0x0000000000005f38                svcGetInfo
 .text.svcUnmapTransferMemory
                0x0000000000005f4c        0x8 /opt/devkitpro/libnx/lib/libnx.a(svc.o)
                0x0000000000005f4c                svcUnmapTransferMemory
 .text.__aarch64_read_tp
                0x0000000000005f54        0xc /opt/devkitpro/libnx/lib/libnx.a(readtp.o)
                0x0000000000005f54                __aarch64_read_tp
 .text.tmemCreate
                0x0000000000005f60       0xa8 /opt/devkitpro/libnx/lib/libnx.a(tmem.o)
                0x0000000000005f60                tmemCreate
 *fill*         0x0000000000006008        0x8 
 .text.tmemUnmap
                0x0000000000006010       0x34 /opt/devkitpro/libnx/lib/libnx.a(tmem.o)
                0x0000000000006010                tmemUnmap
 *fill*         0x0000000000006044        0xc 
 .text.tmemClose
                0x0000000000006050       0x68 /opt/devkitpro/libnx/lib/libnx.a(tmem.o)
                0x0000000000006050                tmemClose
 *fill*         0x00000000000060b8        0x8 
 .text.waitObjects
                0x00000000000060c0      0x45c /opt/devkitpro/libnx/lib/libnx.a(wait.o)
                0x00000000000060c0                waitObjects
 *fill*         0x000000000000651c        0x4 
 .text.mutexLock
                0x0000000000006520       0x80 /opt/devkitpro/libnx/lib/libnx.a(mutex.o)
                0x0000000000006520                mutexLock
 .text.mutexUnlock
                0x00000000000065a0       0x68 /opt/devkitpro/libnx/lib/libnx.a(mutex.o)
                0x00000000000065a0                mutexUnlock
 *fill*         0x0000000000006608        0x8 
 .text.mutexIsLockedByCurrentThread
                0x0000000000006610       0x1c /opt/devkitpro/libnx/lib/libnx.a(mutex.o)
                0x0000000000006610                mutexIsLockedByCurrentThread
 *fill*         0x000000000000662c        0x4 
 .text.rmutexLock
                0x0000000000006630       0x4c /opt/devkitpro/libnx/lib/libnx.a(mutex.o)
                0x0000000000006630                rmutexLock
 *fill*         0x000000000000667c        0x4 
 .text.rmutexUnlock
                0x0000000000006680       0x1c /opt/devkitpro/libnx/lib/libnx.a(mutex.o)
                0x0000000000006680                rmutexUnlock
 *fill*         0x000000000000669c        0x4 
 .text._memregionInitWithInfo
                0x00000000000066a0       0x64 /opt/devkitpro/libnx/lib/libnx.a(virtmem.o)
 *fill*         0x0000000000006704        0xc 
 .text._memregionFindRandom
                0x0000000000006710      0x178 /opt/devkitpro/libnx/lib/libnx.a(virtmem.o)
 *fill*         0x0000000000006888        0x8 
 .text.virtmemSetup
                0x0000000000006890      0x120 /opt/devkitpro/libnx/lib/libnx.a(virtmem.o)
                0x0000000000006890                virtmemSetup
 .text.virtmemLock
                0x00000000000069b0        0xc /opt/devkitpro/libnx/lib/libnx.a(virtmem.o)
                0x00000000000069b0                virtmemLock
 *fill*         0x00000000000069bc        0x4 
 .text.virtmemUnlock
                0x00000000000069c0        0xc /opt/devkitpro/libnx/lib/libnx.a(virtmem.o)
                0x00000000000069c0                virtmemUnlock
 *fill*         0x00000000000069cc        0x4 
 .text.virtmemFindAslr
                0x00000000000069d0       0x54 /opt/devkitpro/libnx/lib/libnx.a(virtmem.o)
                0x00000000000069d0                virtmemFindAslr
 *fill*         0x0000000000006a24        0xc 
 .text.eventLoadRemote
                0x0000000000006a30        0xc /opt/devkitpro/libnx/lib/libnx.a(event.o)
                0x0000000000006a30                eventLoadRemote
 *fill*         0x0000000000006a3c        0x4 
 .text.eventWait
                0x0000000000006a40       0x38 /opt/devkitpro/libnx/lib/libnx.a(event.o)
                0x0000000000006a40                eventWait
 *fill*         0x0000000000006a78        0x8 
 .text.eventClose
                0x0000000000006a80       0x50 /opt/devkitpro/libnx/lib/libnx.a(event.o)
                0x0000000000006a80                eventClose
 .text.randomGet
                0x0000000000006ad0      0x424 /opt/devkitpro/libnx/lib/libnx.a(random.o)
                0x0000000000006ad0                randomGet
 *fill*         0x0000000000006ef4        0xc 
 .text.randomGet64
                0x0000000000006f00       0x20 /opt/devkitpro/libnx/lib/libnx.a(random.o)
                0x0000000000006f00                randomGet64
 .text._apmCleanup
                0x0000000000006f20       0xc0 /opt/devkitpro/libnx/lib/libnx.a(apm.o)
 .text._apmCmdGetSession.constprop.0
                0x0000000000006fe0       0xe0 /opt/devkitpro/libnx/lib/libnx.a(apm.o)
 .text.apmInitialize
                0x00000000000070c0       0xa0 /opt/devkitpro/libnx/lib/libnx.a(apm.o)
                0x00000000000070c0                apmInitialize
 .text.apmExit  0x0000000000007160       0x44 /opt/devkitpro/libnx/lib/libnx.a(apm.o)
                0x0000000000007160                apmExit
 *fill*         0x00000000000071a4        0xc 
 .text.apmSetPerformanceConfiguration
                0x00000000000071b0       0xc8 /opt/devkitpro/libnx/lib/libnx.a(apm.o)
                0x00000000000071b0                apmSetPerformanceConfiguration
 *fill*         0x0000000000007278        0x8 
 .text._sfdnsresCmdInErrOutStr
                0x0000000000007280      0x154 /opt/devkitpro/libnx/lib/libnx.a(sfdnsres.o)
 *fill*         0x00000000000073d4        0xc 
 .text.sfdnsresGetGaiStringErrorRequest
                0x00000000000073e0        0x8 /opt/devkitpro/libnx/lib/libnx.a(sfdnsres.o)
                0x00000000000073e0                sfdnsresGetGaiStringErrorRequest
 *fill*         0x00000000000073e8        0x8 
 .text.sfdnsresGetAddrInfoRequest
                0x00000000000073f0      0x298 /opt/devkitpro/libnx/lib/libnx.a(sfdnsres.o)
                0x00000000000073f0                sfdnsresGetAddrInfoRequest
 *fill*         0x0000000000007688        0x8 
 .text._bsdStartMonitoring
                0x0000000000007690       0xf4 /opt/devkitpro/libnx/lib/libnx.a(bsd.o)
 *fill*         0x0000000000007784        0xc 
 .text._bsdCleanup
                0x0000000000007790       0xe0 /opt/devkitpro/libnx/lib/libnx.a(bsd.o)
 .text._bsdRegisterClient.constprop.0
                0x0000000000007870      0x134 /opt/devkitpro/libnx/lib/libnx.a(bsd.o)
 *fill*         0x00000000000079a4        0xc 
 .text.bsdInitialize
                0x00000000000079b0      0x1d0 /opt/devkitpro/libnx/lib/libnx.a(bsd.o)
                0x00000000000079b0                bsdInitialize
 .text.bsdExit  0x0000000000007b80       0x44 /opt/devkitpro/libnx/lib/libnx.a(bsd.o)
                0x0000000000007b80                bsdExit
 *fill*         0x0000000000007bc4        0xc 
 .text.bsdOpen  0x0000000000007bd0      0x1b0 /opt/devkitpro/libnx/lib/libnx.a(bsd.o)
                0x0000000000007bd0                bsdOpen
 .text.bsdWrite
                0x0000000000007d80      0x1a4 /opt/devkitpro/libnx/lib/libnx.a(bsd.o)
                0x0000000000007d80                bsdWrite
 *fill*         0x0000000000007f24        0xc 
 .text.bsdRead  0x0000000000007f30      0x1a4 /opt/devkitpro/libnx/lib/libnx.a(bsd.o)
                0x0000000000007f30                bsdRead
 *fill*         0x00000000000080d4        0xc 
 .text.bsdClose
                0x00000000000080e0      0x13c /opt/devkitpro/libnx/lib/libnx.a(bsd.o)
                0x00000000000080e0                bsdClose
 *fill*         0x000000000000821c        0x4 
 .text._hidCleanup
                0x0000000000008220      0x108 /opt/devkitpro/libnx/lib/libnx.a(hid.o)
 *fill*         0x0000000000008328        0x8 
 .text._hidCmdInAruidNoOut
                0x0000000000008330       0xd4 /opt/devkitpro/libnx/lib/libnx.a(hid.o)
 *fill*         0x0000000000008404        0xc 
 .text._hidCmdInU32AruidNoOut
                0x0000000000008410       0xe0 /opt/devkitpro/libnx/lib/libnx.a(hid.o)
 .text._hidGetStates
                0x00000000000084f0      0x184 /opt/devkitpro/libnx/lib/libnx.a(hid.o)
 *fill*         0x0000000000008674        0xc 
 .text._hidCreateAppletResource.constprop.0
                0x0000000000008680       0xfc /opt/devkitpro/libnx/lib/libnx.a(hid.o)
 *fill*         0x000000000000877c        0x4 
 .text._hidCmdGetHandle.constprop.0
                0x0000000000008780       0xc8 /opt/devkitpro/libnx/lib/libnx.a(hid.o)
 *fill*         0x0000000000008848        0x8 
 .text.hidInitialize
                0x0000000000008850       0xdc /opt/devkitpro/libnx/lib/libnx.a(hid.o)
                0x0000000000008850                hidInitialize
 *fill*         0x000000000000892c        0x4 
 .text.hidExit  0x0000000000008930       0x44 /opt/devkitpro/libnx/lib/libnx.a(hid.o)
                0x0000000000008930                hidExit
 *fill*         0x0000000000008974        0xc 
 .text.hidGetSharedmemAddr
                0x0000000000008980        0xc /opt/devkitpro/libnx/lib/libnx.a(hid.o)
                0x0000000000008980                hidGetSharedmemAddr
 *fill*         0x000000000000898c        0x4 
 .text.hidGetNpadStyleSet
                0x0000000000008990       0x94 /opt/devkitpro/libnx/lib/libnx.a(hid.o)
                0x0000000000008990                hidGetNpadStyleSet
 *fill*         0x0000000000008a24        0xc 
 .text.hidInitializeNpad
                0x0000000000008a30       0x6c /opt/devkitpro/libnx/lib/libnx.a(hid.o)
                0x0000000000008a30                hidInitializeNpad
 *fill*         0x0000000000008a9c        0x4 
 .text.hidGetNpadStatesFullKey
                0x0000000000008aa0       0xac /opt/devkitpro/libnx/lib/libnx.a(hid.o)
                0x0000000000008aa0                hidGetNpadStatesFullKey
 *fill*         0x0000000000008b4c        0x4 
 .text.hidGetNpadStatesHandheld
                0x0000000000008b50       0xac /opt/devkitpro/libnx/lib/libnx.a(hid.o)
                0x0000000000008b50                hidGetNpadStatesHandheld
 *fill*         0x0000000000008bfc        0x4 
 .text.hidGetNpadStatesJoyDual
                0x0000000000008c00       0xac /opt/devkitpro/libnx/lib/libnx.a(hid.o)
                0x0000000000008c00                hidGetNpadStatesJoyDual
 *fill*         0x0000000000008cac        0x4 
 .text.hidGetNpadStatesJoyLeft
                0x0000000000008cb0       0xac /opt/devkitpro/libnx/lib/libnx.a(hid.o)
                0x0000000000008cb0                hidGetNpadStatesJoyLeft
 *fill*         0x0000000000008d5c        0x4 
 .text.hidGetNpadStatesJoyRight
                0x0000000000008d60       0xac /opt/devkitpro/libnx/lib/libnx.a(hid.o)
                0x0000000000008d60                hidGetNpadStatesJoyRight
 *fill*         0x0000000000008e0c        0x4 
 .text.hidGetNpadStatesGc
                0x0000000000008e10      0x174 /opt/devkitpro/libnx/lib/libnx.a(hid.o)
                0x0000000000008e10                hidGetNpadStatesGc
 *fill*         0x0000000000008f84        0xc 
 .text.hidGetNpadStatesSystemExt
                0x0000000000008f90       0xb0 /opt/devkitpro/libnx/lib/libnx.a(hid.o)
                0x0000000000008f90                hidGetNpadStatesSystemExt
 .text.hidSetSupportedNpadStyleSet
                0x0000000000009040        0x8 /opt/devkitpro/libnx/lib/libnx.a(hid.o)
                0x0000000000009040                hidSetSupportedNpadStyleSet
 *fill*         0x0000000000009048        0x8 
 .text.hidSetSupportedNpadIdType
                0x0000000000009050       0xfc /opt/devkitpro/libnx/lib/libnx.a(hid.o)
                0x0000000000009050                hidSetSupportedNpadIdType
 *fill*         0x000000000000914c        0x4 
 .text.framebufferMakeLinear
                0x0000000000009150       0x8c /opt/devkitpro/libnx/lib/libnx.a(framebuffer.o)
                0x0000000000009150                framebufferMakeLinear
 *fill*         0x00000000000091dc        0x4 
 .text.framebufferClose
                0x00000000000091e0       0x84 /opt/devkitpro/libnx/lib/libnx.a(framebuffer.o)
                0x00000000000091e0                framebufferClose
 *fill*         0x0000000000009264        0xc 
 .text.framebufferCreate
                0x0000000000009270      0x298 /opt/devkitpro/libnx/lib/libnx.a(framebuffer.o)
                0x0000000000009270                framebufferCreate
 *fill*         0x0000000000009508        0x8 
 .text.framebufferBegin
                0x0000000000009510       0x88 /opt/devkitpro/libnx/lib/libnx.a(framebuffer.o)
                0x0000000000009510                framebufferBegin
 *fill*         0x0000000000009598        0x8 
 .text.framebufferEnd
                0x00000000000095a0      0x174 /opt/devkitpro/libnx/lib/libnx.a(framebuffer.o)
                0x00000000000095a0                framebufferEnd
 *fill*         0x0000000000009714        0xc 
 .text.nwindowGetDefault
                0x0000000000009720        0xc /opt/devkitpro/libnx/lib/libnx.a(default_window.o)
                0x0000000000009720                nwindowGetDefault
 *fill*         0x000000000000972c        0x4 
 .text.__nx_win_init
                0x0000000000009730       0xc0 /opt/devkitpro/libnx/lib/libnx.a(default_window.o)
                0x0000000000009730                __nx_win_init
 .text.__nx_win_exit
                0x00000000000097f0       0x34 /opt/devkitpro/libnx/lib/libnx.a(default_window.o)
                0x00000000000097f0                __nx_win_exit
 *fill*         0x0000000000009824        0xc 
 .text.nwindowIsValid
                0x0000000000009830       0x24 /opt/devkitpro/libnx/lib/libnx.a(native_window.o)
                0x0000000000009830                nwindowIsValid
 *fill*         0x0000000000009854        0xc 
 .text.nwindowClose
                0x0000000000009860       0x8c /opt/devkitpro/libnx/lib/libnx.a(native_window.o)
                0x0000000000009860                nwindowClose
 *fill*         0x00000000000098ec        0x4 
 .text.nwindowCreate
                0x00000000000098f0       0xf8 /opt/devkitpro/libnx/lib/libnx.a(native_window.o)
                0x00000000000098f0                nwindowCreate
 *fill*         0x00000000000099e8        0x8 
 .text.nwindowCreateFromLayer
                0x00000000000099f0       0x34 /opt/devkitpro/libnx/lib/libnx.a(native_window.o)
                0x00000000000099f0                nwindowCreateFromLayer
 *fill*         0x0000000000009a24        0xc 
 .text.nwindowSetDimensions
                0x0000000000009a30       0x88 /opt/devkitpro/libnx/lib/libnx.a(native_window.o)
                0x0000000000009a30                nwindowSetDimensions
 *fill*         0x0000000000009ab8        0x8 
 .text.nwindowConfigureBuffer
                0x0000000000009ac0      0x190 /opt/devkitpro/libnx/lib/libnx.a(native_window.o)
                0x0000000000009ac0                nwindowConfigureBuffer
 .text.nwindowDequeueBuffer
                0x0000000000009c50      0x1e0 /opt/devkitpro/libnx/lib/libnx.a(native_window.o)
                0x0000000000009c50                nwindowDequeueBuffer
 .text.nwindowQueueBuffer
                0x0000000000009e30      0x144 /opt/devkitpro/libnx/lib/libnx.a(native_window.o)
                0x0000000000009e30                nwindowQueueBuffer
 *fill*         0x0000000000009f74        0xc 
 .text.nwindowReleaseBuffers
                0x0000000000009f80       0x98 /opt/devkitpro/libnx/lib/libnx.a(native_window.o)
                0x0000000000009f80                nwindowReleaseBuffers
 *fill*         0x000000000000a018        0x8 
 .text.__nx_dynamic
                0x000000000000a020       0xa0 /opt/devkitpro/libnx/lib/libnx.a(dynamic.o)
                0x000000000000a020                __nx_dynamic
 .text.__libnx_initheap
                0x000000000000a0c0       0xd8 /opt/devkitpro/libnx/lib/libnx.a(init.o)
                0x000000000000a0c0                __libnx_initheap
 *fill*         0x000000000000a198        0x8 
 .text.__appInit
                0x000000000000a1a0       0xec /opt/devkitpro/libnx/lib/libnx.a(init.o)
                0x000000000000a1a0                __appInit
 *fill*         0x000000000000a28c        0x4 
 .text.__appExit
                0x000000000000a290       0x44 /opt/devkitpro/libnx/lib/libnx.a(init.o)
                0x000000000000a290                __appExit
 *fill*         0x000000000000a2d4        0xc 
 .text.__libnx_init
                0x000000000000a2e0       0x2c /opt/devkitpro/libnx/lib/libnx.a(init.o)
                0x000000000000a2e0                __libnx_init
 *fill*         0x000000000000a30c        0x4 
 .text.__libnx_exit
                0x000000000000a310       0x20 /opt/devkitpro/libnx/lib/libnx.a(init.o)
                0x000000000000a310                __libnx_exit
 .text.__libnx_alloc
                0x000000000000a330        0x4 /opt/devkitpro/libnx/lib/libnx.a(alloc.o)
                0x000000000000a330                __libnx_alloc
 *fill*         0x000000000000a334        0xc 
 .text.__libnx_aligned_alloc
                0x000000000000a340       0x14 /opt/devkitpro/libnx/lib/libnx.a(alloc.o)
                0x000000000000a340                __libnx_aligned_alloc
 *fill*         0x000000000000a354        0xc 
 .text.__libnx_free
                0x000000000000a360        0x4 /opt/devkitpro/libnx/lib/libnx.a(alloc.o)
                0x000000000000a360                __libnx_free
 *fill*         0x000000000000a364        0xc 
 .text.__syscall_exit
                0x000000000000a370       0x1c /opt/devkitpro/libnx/lib/libnx.a(newlib.o)
                0x000000000000a370                __syscall_exit
 *fill*         0x000000000000a38c        0x4 
 .text.__syscall_getreent
                0x000000000000a390       0x34 /opt/devkitpro/libnx/lib/libnx.a(newlib.o)
                0x000000000000a390                __syscall_getreent
 *fill*         0x000000000000a3c4        0xc 
 .text.__syscall_lock_acquire
                0x000000000000a3d0        0x4 /opt/devkitpro/libnx/lib/libnx.a(newlib.o)
                0x000000000000a3d0                __syscall_lock_acquire
 *fill*         0x000000000000a3d4        0xc 
 .text.__syscall_lock_release
                0x000000000000a3e0        0x4 /opt/devkitpro/libnx/lib/libnx.a(newlib.o)
                0x000000000000a3e0                __syscall_lock_release
 *fill*         0x000000000000a3e4        0xc 
 .text.__syscall_lock_acquire_recursive
                0x000000000000a3f0        0x4 /opt/devkitpro/libnx/lib/libnx.a(newlib.o)
                0x000000000000a3f0                __syscall_lock_acquire_recursive
 *fill*         0x000000000000a3f4        0xc 
 .text.__syscall_lock_release_recursive
                0x000000000000a400        0x4 /opt/devkitpro/libnx/lib/libnx.a(newlib.o)
                0x000000000000a400                __syscall_lock_release_recursive
 *fill*         0x000000000000a404        0xc 
 .text.__libnx_init_time
                0x000000000000a410      0x228 /opt/devkitpro/libnx/lib/libnx.a(newlib.o)
                0x000000000000a410                __libnx_init_time
 *fill*         0x000000000000a638        0x8 
 .text.newlibSetup
                0x000000000000a640       0x84 /opt/devkitpro/libnx/lib/libnx.a(newlib.o)
                0x000000000000a640                newlibSetup
 *fill*         0x000000000000a6c4        0xc 
 .text.argvSetup
                0x000000000000a6d0      0x324 /opt/devkitpro/libnx/lib/libnx.a(argv.o)
                0x000000000000a6d0                argvSetup
 *fill*         0x000000000000a9f4        0xc 
 .text.fsdev_link
                0x000000000000aa00       0x14 /opt/devkitpro/libnx/lib/libnx.a(fs_dev.o)
 *fill*         0x000000000000aa14        0xc 
 .text.fsdev_dirreset
                0x000000000000aa20       0x14 /opt/devkitpro/libnx/lib/libnx.a(fs_dev.o)
 *fill*         0x000000000000aa34        0xc 
 .text.fsdev_chmod
                0x000000000000aa40       0x14 /opt/devkitpro/libnx/lib/libnx.a(fs_dev.o)
 *fill*         0x000000000000aa54        0xc 
 .text.error_cmp
                0x000000000000aa60       0x18 /opt/devkitpro/libnx/lib/libnx.a(fs_dev.o)
 *fill*         0x000000000000aa78        0x8 
 .text.fsdev_dirclose
                0x000000000000aa80       0x20 /opt/devkitpro/libnx/lib/libnx.a(fs_dev.o)
 .text.fsdev_close
                0x000000000000aaa0       0x1c /opt/devkitpro/libnx/lib/libnx.a(fs_dev.o)
 *fill*         0x000000000000aabc        0x4 
 .text.fsdev_converttimetoutc
                0x000000000000aac0       0x80 /opt/devkitpro/libnx/lib/libnx.a(fs_dev.o)
 .text.fsdevFindDevice.part.0
                0x000000000000ab40       0xb8 /opt/devkitpro/libnx/lib/libnx.a(fs_dev.o)
 *fill*         0x000000000000abf8        0x8 
 .text.fsdev_fixpath
                0x000000000000ac00      0x1e0 /opt/devkitpro/libnx/lib/libnx.a(fs_dev.o)
 .text._fsdevUnmountDeviceStruct.part.0
                0x000000000000ade0       0xa0 /opt/devkitpro/libnx/lib/libnx.a(fs_dev.o)
 .text.fsdev_fchmod
                0x000000000000ae80       0x14 /opt/devkitpro/libnx/lib/libnx.a(fs_dev.o)
 *fill*         0x000000000000ae94        0xc 
 .text.fsdev_diropen
                0x000000000000aea0      0x108 /opt/devkitpro/libnx/lib/libnx.a(fs_dev.o)
 *fill*         0x000000000000afa8        0x8 
 .text.fsdev_fsync
                0x000000000000afb0       0x7c /opt/devkitpro/libnx/lib/libnx.a(fs_dev.o)
 *fill*         0x000000000000b02c        0x4 
 .text.fsdev_fstat
                0x000000000000b030      0x110 /opt/devkitpro/libnx/lib/libnx.a(fs_dev.o)
 .text.fsdev_ftruncate
                0x000000000000b140       0x94 /opt/devkitpro/libnx/lib/libnx.a(fs_dev.o)
 *fill*         0x000000000000b1d4        0xc 
 .text.fsdev_stat
                0x000000000000b1e0      0x20c /opt/devkitpro/libnx/lib/libnx.a(fs_dev.o)
 *fill*         0x000000000000b3ec        0x4 
 .text.fsdev_rename
                0x000000000000b3f0      0x158 /opt/devkitpro/libnx/lib/libnx.a(fs_dev.o)
 *fill*         0x000000000000b548        0x8 
 .text.fsdev_chdir
                0x000000000000b550      0x14c /opt/devkitpro/libnx/lib/libnx.a(fs_dev.o)
 *fill*         0x000000000000b69c        0x4 
 .text.fsdev_mkdir
                0x000000000000b6a0       0xac /opt/devkitpro/libnx/lib/libnx.a(fs_dev.o)
 *fill*         0x000000000000b74c        0x4 
 .text.fsdev_rmdir
                0x000000000000b750       0xac /opt/devkitpro/libnx/lib/libnx.a(fs_dev.o)
 *fill*         0x000000000000b7fc        0x4 
 .text.fsdev_unlink
                0x000000000000b800       0xac /opt/devkitpro/libnx/lib/libnx.a(fs_dev.o)
 *fill*         0x000000000000b8ac        0x4 
 .text.fsdev_statvfs
                0x000000000000b8b0      0x104 /opt/devkitpro/libnx/lib/libnx.a(fs_dev.o)
 *fill*         0x000000000000b9b4        0xc 
 .text.fsdev_write_safe
                0x000000000000b9c0      0x13c /opt/devkitpro/libnx/lib/libnx.a(fs_dev.o)
 *fill*         0x000000000000bafc        0x4 
 .text.fsdev_read_safe
                0x000000000000bb00      0x13c /opt/devkitpro/libnx/lib/libnx.a(fs_dev.o)
 *fill*         0x000000000000bc3c        0x4 
 .text.fsdev_read
                0x000000000000bc40      0x104 /opt/devkitpro/libnx/lib/libnx.a(fs_dev.o)
 *fill*         0x000000000000bd44        0xc 
 .text.fsdev_dirnext
                0x000000000000bd50      0x1bc /opt/devkitpro/libnx/lib/libnx.a(fs_dev.o)
 *fill*         0x000000000000bf0c        0x4 
 .text.fsdev_write
                0x000000000000bf10      0x124 /opt/devkitpro/libnx/lib/libnx.a(fs_dev.o)
 *fill*         0x000000000000c034        0xc 
 .text.fsdev_seek
                0x000000000000c040       0xe4 /opt/devkitpro/libnx/lib/libnx.a(fs_dev.o)
 *fill*         0x000000000000c124        0xc 
 .text.fsdev_open
                0x000000000000c130      0x244 /opt/devkitpro/libnx/lib/libnx.a(fs_dev.o)
 *fill*         0x000000000000c374        0xc 
 .text.fsdevMountDevice
                0x000000000000c380      0x220 /opt/devkitpro/libnx/lib/libnx.a(fs_dev.o)
                0x000000000000c380                fsdevMountDevice
 .text.fsdevMountSdmc
                0x000000000000c5a0       0x48 /opt/devkitpro/libnx/lib/libnx.a(fs_dev.o)
                0x000000000000c5a0                fsdevMountSdmc
 *fill*         0x000000000000c5e8        0x8 
 .text.__libnx_init_cwd
                0x000000000000c5f0       0xcc /opt/devkitpro/libnx/lib/libnx.a(fs_dev.o)
                0x000000000000c5f0                __libnx_init_cwd
 *fill*         0x000000000000c6bc        0x4 
 .text.fsdevUnmountAll
                0x000000000000c6c0       0x64 /opt/devkitpro/libnx/lib/libnx.a(fs_dev.o)
                0x000000000000c6c0                fsdevUnmountAll
 *fill*         0x000000000000c724        0xc 
 .text.decode_utf8
                0x000000000000c730      0x12c /opt/devkitpro/libnx/lib/libnx.a(decode_utf8.o)
                0x000000000000c730                decode_utf8
 .text.armDCacheFlush
                0x000000000000c85c       0x3c /opt/devkitpro/libnx/lib/libnx.a(cache.o)
                0x000000000000c85c                armDCacheFlush
 .text.__libnx_exception_entry
                0x000000000000c898      0x1c0 /opt/devkitpro/libnx/lib/libnx.a(exception.o)
                0x000000000000c898                __libnx_exception_entry
 .text.__libnx_exception_returnentry
                0x000000000000ca58       0x18 /opt/devkitpro/libnx/lib/libnx.a(exception.o)
                0x000000000000ca58                __libnx_exception_returnentry
 .text.shmemLoadRemote
                0x000000000000ca70       0x14 /opt/devkitpro/libnx/lib/libnx.a(shmem.o)
                0x000000000000ca70                shmemLoadRemote
 *fill*         0x000000000000ca84        0xc 
 .text.shmemMap
                0x000000000000ca90       0x88 /opt/devkitpro/libnx/lib/libnx.a(shmem.o)
                0x000000000000ca90                shmemMap
 *fill*         0x000000000000cb18        0x8 
 .text.shmemUnmap
                0x000000000000cb20       0x34 /opt/devkitpro/libnx/lib/libnx.a(shmem.o)
                0x000000000000cb20                shmemUnmap
 *fill*         0x000000000000cb54        0xc 
 .text.shmemClose
                0x000000000000cb60       0x44 /opt/devkitpro/libnx/lib/libnx.a(shmem.o)
                0x000000000000cb60                shmemClose
 *fill*         0x000000000000cba4        0xc 
 .text.condvarWaitTimeout
                0x000000000000cbb0       0x64 /opt/devkitpro/libnx/lib/libnx.a(condvar.o)
                0x000000000000cbb0                condvarWaitTimeout
 *fill*         0x000000000000cc14        0xc 
 .text.__libnx_init_thread
                0x000000000000cc20       0xac /opt/devkitpro/libnx/lib/libnx.a(thread.o)
                0x000000000000cc20                __libnx_init_thread
 *fill*         0x000000000000cccc        0x4 
 .text.sessionmgrCreate
                0x000000000000ccd0      0x188 /opt/devkitpro/libnx/lib/libnx.a(sessionmgr.o)
                0x000000000000ccd0                sessionmgrCreate
 *fill*         0x000000000000ce58        0x8 
 .text.sessionmgrClose
                0x000000000000ce60       0x84 /opt/devkitpro/libnx/lib/libnx.a(sessionmgr.o)
                0x000000000000ce60                sessionmgrClose
 *fill*         0x000000000000cee4        0xc 
 .text.sessionmgrAttachClient
                0x000000000000cef0       0xb0 /opt/devkitpro/libnx/lib/libnx.a(sessionmgr.o)
                0x000000000000cef0                sessionmgrAttachClient
 .text.sessionmgrDetachClient
                0x000000000000cfa0       0x74 /opt/devkitpro/libnx/lib/libnx.a(sessionmgr.o)
                0x000000000000cfa0                sessionmgrDetachClient
 *fill*         0x000000000000d014        0xc 
 .text._fsCleanup
                0x000000000000d020       0xb4 /opt/devkitpro/libnx/lib/libnx.a(fs.o)
 *fill*         0x000000000000d0d4        0xc 
 .text._fsCmdNoIO
                0x000000000000d0e0      0x1b0 /opt/devkitpro/libnx/lib/libnx.a(fs.o)
 .text._fsFsCmdWithInPath
                0x000000000000d290      0x1d8 /opt/devkitpro/libnx/lib/libnx.a(fs.o)
 *fill*         0x000000000000d468        0x8 
 .text._fsFsCmdWithTwoInPaths
                0x000000000000d470      0x1fc /opt/devkitpro/libnx/lib/libnx.a(fs.o)
 *fill*         0x000000000000d66c        0x4 
 .text._fsFsOpenCommon
                0x000000000000d670      0x230 /opt/devkitpro/libnx/lib/libnx.a(fs.o)
 .text._fsFsCmdWithInPathAndOutU64
                0x000000000000d8a0      0x1f4 /opt/devkitpro/libnx/lib/libnx.a(fs.o)
 *fill*         0x000000000000da94        0xc 
 .text._fsObjectClose
                0x000000000000daa0       0xf4 /opt/devkitpro/libnx/lib/libnx.a(fs.o)
 *fill*         0x000000000000db94        0xc 
 .text._fsCmdGetSession.constprop.0
                0x000000000000dba0      0x170 /opt/devkitpro/libnx/lib/libnx.a(fs.o)
 .text.fsInitialize
                0x000000000000dd10      0x314 /opt/devkitpro/libnx/lib/libnx.a(fs.o)
                0x000000000000dd10                fsInitialize
 *fill*         0x000000000000e024        0xc 
 .text.fsExit   0x000000000000e030       0x44 /opt/devkitpro/libnx/lib/libnx.a(fs.o)
                0x000000000000e030                fsExit
 *fill*         0x000000000000e074        0xc 
 .text.fsOpenSdCardFileSystem
                0x000000000000e080        0x8 /opt/devkitpro/libnx/lib/libnx.a(fs.o)
                0x000000000000e080                fsOpenSdCardFileSystem
 *fill*         0x000000000000e088        0x8 
 .text.fsFsCreateFile
                0x000000000000e090      0x1e8 /opt/devkitpro/libnx/lib/libnx.a(fs.o)
                0x000000000000e090                fsFsCreateFile
 *fill*         0x000000000000e278        0x8 
 .text.fsFsDeleteFile
                0x000000000000e280        0x8 /opt/devkitpro/libnx/lib/libnx.a(fs.o)
                0x000000000000e280                fsFsDeleteFile
 *fill*         0x000000000000e288        0x8 
 .text.fsFsCreateDirectory
                0x000000000000e290        0x8 /opt/devkitpro/libnx/lib/libnx.a(fs.o)
                0x000000000000e290                fsFsCreateDirectory
 *fill*         0x000000000000e298        0x8 
 .text.fsFsDeleteDirectory
                0x000000000000e2a0        0x8 /opt/devkitpro/libnx/lib/libnx.a(fs.o)
                0x000000000000e2a0                fsFsDeleteDirectory
 *fill*         0x000000000000e2a8        0x8 
 .text.fsFsRenameFile
                0x000000000000e2b0        0x8 /opt/devkitpro/libnx/lib/libnx.a(fs.o)
                0x000000000000e2b0                fsFsRenameFile
 *fill*         0x000000000000e2b8        0x8 
 .text.fsFsRenameDirectory
                0x000000000000e2c0        0x8 /opt/devkitpro/libnx/lib/libnx.a(fs.o)
                0x000000000000e2c0                fsFsRenameDirectory
 *fill*         0x000000000000e2c8        0x8 
 .text.fsFsGetEntryType
                0x000000000000e2d0      0x1ec /opt/devkitpro/libnx/lib/libnx.a(fs.o)
                0x000000000000e2d0                fsFsGetEntryType
 *fill*         0x000000000000e4bc        0x4 
 .text.fsFsOpenFile
                0x000000000000e4c0        0x8 /opt/devkitpro/libnx/lib/libnx.a(fs.o)
                0x000000000000e4c0                fsFsOpenFile
 *fill*         0x000000000000e4c8        0x8 
 .text.fsFsOpenDirectory
                0x000000000000e4d0        0x8 /opt/devkitpro/libnx/lib/libnx.a(fs.o)
                0x000000000000e4d0                fsFsOpenDirectory
 *fill*         0x000000000000e4d8        0x8 
 .text.fsFsGetFreeSpace
                0x000000000000e4e0        0x8 /opt/devkitpro/libnx/lib/libnx.a(fs.o)
                0x000000000000e4e0                fsFsGetFreeSpace
 *fill*         0x000000000000e4e8        0x8 
 .text.fsFsGetTotalSpace
                0x000000000000e4f0        0x8 /opt/devkitpro/libnx/lib/libnx.a(fs.o)
                0x000000000000e4f0                fsFsGetTotalSpace
 *fill*         0x000000000000e4f8        0x8 
 .text.fsFsGetFileTimeStampRaw
                0x000000000000e500      0x234 /opt/devkitpro/libnx/lib/libnx.a(fs.o)
                0x000000000000e500                fsFsGetFileTimeStampRaw
 *fill*         0x000000000000e734        0xc 
 .text.fsFsClose
                0x000000000000e740        0x4 /opt/devkitpro/libnx/lib/libnx.a(fs.o)
                0x000000000000e740                fsFsClose
 *fill*         0x000000000000e744        0xc 
 .text.fsFileRead
                0x000000000000e750      0x21c /opt/devkitpro/libnx/lib/libnx.a(fs.o)
                0x000000000000e750                fsFileRead
 *fill*         0x000000000000e96c        0x4 
 .text.fsFileWrite
                0x000000000000e970      0x20c /opt/devkitpro/libnx/lib/libnx.a(fs.o)
                0x000000000000e970                fsFileWrite
 *fill*         0x000000000000eb7c        0x4 
 .text.fsFileFlush
                0x000000000000eb80        0x8 /opt/devkitpro/libnx/lib/libnx.a(fs.o)
                0x000000000000eb80                fsFileFlush
 *fill*         0x000000000000eb88        0x8 
 .text.fsFileSetSize
                0x000000000000eb90      0x1b4 /opt/devkitpro/libnx/lib/libnx.a(fs.o)
                0x000000000000eb90                fsFileSetSize
 *fill*         0x000000000000ed44        0xc 
 .text.fsFileGetSize
                0x000000000000ed50      0x1c4 /opt/devkitpro/libnx/lib/libnx.a(fs.o)
                0x000000000000ed50                fsFileGetSize
 *fill*         0x000000000000ef14        0xc 
 .text.fsFileClose
                0x000000000000ef20        0x4 /opt/devkitpro/libnx/lib/libnx.a(fs.o)
                0x000000000000ef20                fsFileClose
 *fill*         0x000000000000ef24        0xc 
 .text.fsDirClose
                0x000000000000ef30        0x4 /opt/devkitpro/libnx/lib/libnx.a(fs.o)
                0x000000000000ef30                fsDirClose
 *fill*         0x000000000000ef34        0xc 
 .text.fsDirRead
                0x000000000000ef40      0x204 /opt/devkitpro/libnx/lib/libnx.a(fs.o)
                0x000000000000ef40                fsDirRead
 *fill*         0x000000000000f144        0xc 
 .text._nvSetClientPID
                0x000000000000f150       0xcc /opt/devkitpro/libnx/lib/libnx.a(nv.o)
 *fill*         0x000000000000f21c        0x4 
 .text._nvCleanup
                0x000000000000f220       0xd0 /opt/devkitpro/libnx/lib/libnx.a(nv.o)
 .text._nvCmdInitialize.constprop.0
                0x000000000000f2f0       0xd4 /opt/devkitpro/libnx/lib/libnx.a(nv.o)
 *fill*         0x000000000000f3c4        0xc 
 .text.__nx_nv_create_tmem
                0x000000000000f3d0       0x1c /opt/devkitpro/libnx/lib/libnx.a(nv.o)
                0x000000000000f3d0                __nx_nv_create_tmem
 *fill*         0x000000000000f3ec        0x4 
 .text.nvInitialize
                0x000000000000f3f0      0x220 /opt/devkitpro/libnx/lib/libnx.a(nv.o)
                0x000000000000f3f0                nvInitialize
 .text.nvExit   0x000000000000f610       0x44 /opt/devkitpro/libnx/lib/libnx.a(nv.o)
                0x000000000000f610                nvExit
 *fill*         0x000000000000f654        0xc 
 .text.nvConvertError
                0x000000000000f660      0x140 /opt/devkitpro/libnx/lib/libnx.a(nv.o)
                0x000000000000f660                nvConvertError
 .text.nvOpen   0x000000000000f7a0      0x114 /opt/devkitpro/libnx/lib/libnx.a(nv.o)
                0x000000000000f7a0                nvOpen
 *fill*         0x000000000000f8b4        0xc 
 .text.nvIoctl  0x000000000000f8c0      0x250 /opt/devkitpro/libnx/lib/libnx.a(nv.o)
                0x000000000000f8c0                nvIoctl
 .text.nvClose  0x000000000000fb10       0xd8 /opt/devkitpro/libnx/lib/libnx.a(nv.o)
                0x000000000000fb10                nvClose
 *fill*         0x000000000000fbe8        0x8 
 .text.nvQueryEvent
                0x000000000000fbf0      0x108 /opt/devkitpro/libnx/lib/libnx.a(nv.o)
                0x000000000000fbf0                nvQueryEvent
 *fill*         0x000000000000fcf8        0x8 
 .text._viCleanup
                0x000000000000fd00      0x1dc /opt/devkitpro/libnx/lib/libnx.a(vi.o)
 *fill*         0x000000000000fedc        0x4 
 .text._viCmdGetSessionNoParams.constprop.0
                0x000000000000fee0       0xe8 /opt/devkitpro/libnx/lib/libnx.a(vi.o)
 *fill*         0x000000000000ffc8        0x8 
 .text._viCmdGetSession.constprop.0
                0x000000000000ffd0       0xe4 /opt/devkitpro/libnx/lib/libnx.a(vi.o)
 *fill*         0x00000000000100b4        0xc 
 .text.viInitialize
                0x00000000000100c0      0x25c /opt/devkitpro/libnx/lib/libnx.a(vi.o)
                0x00000000000100c0                viInitialize
 *fill*         0x000000000001031c        0x4 
 .text.viExit   0x0000000000010320       0x44 /opt/devkitpro/libnx/lib/libnx.a(vi.o)
                0x0000000000010320                viExit
 *fill*         0x0000000000010364        0xc 
 .text.viGetSession_IHOSBinderDriverRelay
                0x0000000000010370        0xc /opt/devkitpro/libnx/lib/libnx.a(vi.o)
                0x0000000000010370                viGetSession_IHOSBinderDriverRelay
 *fill*         0x000000000001037c        0x4 
 .text.viOpenDisplay
                0x0000000000010380      0x120 /opt/devkitpro/libnx/lib/libnx.a(vi.o)
                0x0000000000010380                viOpenDisplay
 .text.viCloseDisplay
                0x00000000000104a0       0xf8 /opt/devkitpro/libnx/lib/libnx.a(vi.o)
                0x00000000000104a0                viCloseDisplay
 *fill*         0x0000000000010598        0x8 
 .text.viCloseLayer
                0x00000000000105a0       0xfc /opt/devkitpro/libnx/lib/libnx.a(vi.o)
                0x00000000000105a0                viCloseLayer
 *fill*         0x000000000001069c        0x4 
 .text.viCreateLayer
                0x00000000000106a0      0x3c4 /opt/devkitpro/libnx/lib/libnx.a(vi.o)
                0x00000000000106a0                viCreateLayer
 *fill*         0x0000000000010a64        0xc 
 .text.viSetLayerScalingMode
                0x0000000000010a70       0xd8 /opt/devkitpro/libnx/lib/libnx.a(vi.o)
                0x0000000000010a70                viSetLayerScalingMode
 *fill*         0x0000000000010b48        0x8 
 .text._setsysGetFirmwareVersionImpl
                0x0000000000010b50       0xd4 /opt/devkitpro/libnx/lib/libnx.a(set.o)
 *fill*         0x0000000000010c24        0xc 
 .text._setsysCleanup
                0x0000000000010c30       0x68 /opt/devkitpro/libnx/lib/libnx.a(set.o)
 *fill*         0x0000000000010c98        0x8 
 .text.setsysInitialize
                0x0000000000010ca0       0xa0 /opt/devkitpro/libnx/lib/libnx.a(set.o)
                0x0000000000010ca0                setsysInitialize
 .text.setsysExit
                0x0000000000010d40       0x44 /opt/devkitpro/libnx/lib/libnx.a(set.o)
                0x0000000000010d40                setsysExit
 *fill*         0x0000000000010d84        0xc 
 .text.setsysGetFirmwareVersion
                0x0000000000010d90       0x44 /opt/devkitpro/libnx/lib/libnx.a(set.o)
                0x0000000000010d90                setsysGetFirmwareVersion
 *fill*         0x0000000000010dd4        0xc 
 .text._timeCleanup
                0x0000000000010de0      0x228 /opt/devkitpro/libnx/lib/libnx.a(time.o)
 *fill*         0x0000000000011008        0x8 
 .text._timeCmdNoInOutU64.constprop.0
                0x0000000000011010       0xc8 /opt/devkitpro/libnx/lib/libnx.a(time.o)
 *fill*         0x00000000000110d8        0x8 
 .text._timeCmdGetSession.constprop.0
                0x00000000000110e0       0xe8 /opt/devkitpro/libnx/lib/libnx.a(time.o)
 *fill*         0x00000000000111c8        0x8 
 .text._timeGetSharedMemoryNativeHandle.constprop.0
                0x00000000000111d0       0xcc /opt/devkitpro/libnx/lib/libnx.a(time.o)
 *fill*         0x000000000001129c        0x4 
 .text._timeReadClockFromSharedMem
                0x00000000000112a0      0x114 /opt/devkitpro/libnx/lib/libnx.a(time.o)
 *fill*         0x00000000000113b4        0xc 
 .text.timeInitialize
                0x00000000000113c0      0x238 /opt/devkitpro/libnx/lib/libnx.a(time.o)
                0x00000000000113c0                timeInitialize
 *fill*         0x00000000000115f8        0x8 
 .text.timeExit
                0x0000000000011600       0x44 /opt/devkitpro/libnx/lib/libnx.a(time.o)
                0x0000000000011600                timeExit
 *fill*         0x0000000000011644        0xc 
 .text.timeGetServiceSession_SystemClock
                0x0000000000011650       0x38 /opt/devkitpro/libnx/lib/libnx.a(time.o)
                0x0000000000011650                timeGetServiceSession_SystemClock
 *fill*         0x0000000000011688        0x8 
 .text.timeGetCurrentTime
                0x0000000000011690       0x5c /opt/devkitpro/libnx/lib/libnx.a(time.o)
                0x0000000000011690                timeGetCurrentTime
 *fill*         0x00000000000116ec        0x4 
 .text.timeToCalendarTimeWithMyRule
                0x00000000000116f0      0x118 /opt/devkitpro/libnx/lib/libnx.a(time.o)
                0x00000000000116f0                timeToCalendarTimeWithMyRule
 *fill*         0x0000000000011808        0x8 
 .text.timeToPosixTimeWithMyRule
                0x0000000000011810      0x104 /opt/devkitpro/libnx/lib/libnx.a(time.o)
                0x0000000000011810                timeToPosixTimeWithMyRule
 *fill*         0x0000000000011914        0xc 
 .text._nvFenceCleanup
                0x0000000000011920       0x7c /opt/devkitpro/libnx/lib/libnx.a(fence.o)
 *fill*         0x000000000001199c        0x4 
 .text.nvFenceInit
                0x00000000000119a0       0x98 /opt/devkitpro/libnx/lib/libnx.a(fence.o)
                0x00000000000119a0                nvFenceInit
 *fill*         0x0000000000011a38        0x8 
 .text.nvFenceExit
                0x0000000000011a40       0x44 /opt/devkitpro/libnx/lib/libnx.a(fence.o)
                0x0000000000011a40                nvFenceExit
 *fill*         0x0000000000011a84        0xc 
 .text.nvFenceWait
                0x0000000000011a90      0x250 /opt/devkitpro/libnx/lib/libnx.a(fence.o)
                0x0000000000011a90                nvFenceWait
 .text.nvMultiFenceWait
                0x0000000000011ce0       0x74 /opt/devkitpro/libnx/lib/libnx.a(fence.o)
                0x0000000000011ce0                nvMultiFenceWait
 *fill*         0x0000000000011d54        0xc 
 .text.nvMapInit
                0x0000000000011d60       0xb4 /opt/devkitpro/libnx/lib/libnx.a(map.o)
                0x0000000000011d60                nvMapInit
 *fill*         0x0000000000011e14        0xc 
 .text.nvMapExit
                0x0000000000011e20       0x6c /opt/devkitpro/libnx/lib/libnx.a(map.o)
                0x0000000000011e20                nvMapExit
 *fill*         0x0000000000011e8c        0x4 
 .text.nvMapClose
                0x0000000000011e90       0x80 /opt/devkitpro/libnx/lib/libnx.a(map.o)
                0x0000000000011e90                nvMapClose
 .text.nvMapCreate
                0x0000000000011f10      0x160 /opt/devkitpro/libnx/lib/libnx.a(map.o)
                0x0000000000011f10                nvMapCreate
 .text.nvioctlNvhostCtrl_EventSignal
                0x0000000000012070       0x28 /opt/devkitpro/libnx/lib/libnx.a(nvhost-ctrl.o)
                0x0000000000012070                nvioctlNvhostCtrl_EventSignal
 *fill*         0x0000000000012098        0x8 
 .text.nvioctlNvhostCtrl_EventWait
                0x00000000000120a0       0x44 /opt/devkitpro/libnx/lib/libnx.a(nvhost-ctrl.o)
                0x00000000000120a0                nvioctlNvhostCtrl_EventWait
 *fill*         0x00000000000120e4        0xc 
 .text.nvioctlNvhostCtrl_EventWaitAsync
                0x00000000000120f0       0x30 /opt/devkitpro/libnx/lib/libnx.a(nvhost-ctrl.o)
                0x00000000000120f0                nvioctlNvhostCtrl_EventWaitAsync
 .text.nvioctlNvhostCtrl_EventRegister
                0x0000000000012120       0x28 /opt/devkitpro/libnx/lib/libnx.a(nvhost-ctrl.o)
                0x0000000000012120                nvioctlNvhostCtrl_EventRegister
 *fill*         0x0000000000012148        0x8 
 .text.nvioctlNvhostCtrl_EventUnregister
                0x0000000000012150       0x28 /opt/devkitpro/libnx/lib/libnx.a(nvhost-ctrl.o)
                0x0000000000012150                nvioctlNvhostCtrl_EventUnregister
 *fill*         0x0000000000012178        0x8 
 .text.nvioctlNvmap_Create
                0x0000000000012180       0x40 /opt/devkitpro/libnx/lib/libnx.a(nvmap.o)
                0x0000000000012180                nvioctlNvmap_Create
 .text.nvioctlNvmap_Alloc
                0x00000000000121c0       0x40 /opt/devkitpro/libnx/lib/libnx.a(nvmap.o)
                0x00000000000121c0                nvioctlNvmap_Alloc
 .text.nvioctlNvmap_Free
                0x0000000000012200       0x30 /opt/devkitpro/libnx/lib/libnx.a(nvmap.o)
                0x0000000000012200                nvioctlNvmap_Free
 .text.nvioctlNvmap_GetId
                0x0000000000012230       0x40 /opt/devkitpro/libnx/lib/libnx.a(nvmap.o)
                0x0000000000012230                nvioctlNvmap_GetId
 .text.bqRequestBuffer
                0x0000000000012270       0xd8 /opt/devkitpro/libnx/lib/libnx.a(buffer_producer.o)
                0x0000000000012270                bqRequestBuffer
 *fill*         0x0000000000012348        0x8 
 .text.bqDequeueBuffer
                0x0000000000012350      0x168 /opt/devkitpro/libnx/lib/libnx.a(buffer_producer.o)
                0x0000000000012350                bqDequeueBuffer
 *fill*         0x00000000000124b8        0x8 
 .text.bqQueueBuffer
                0x00000000000124c0       0xdc /opt/devkitpro/libnx/lib/libnx.a(buffer_producer.o)
                0x00000000000124c0                bqQueueBuffer
 *fill*         0x000000000001259c        0x4 
 .text.bqCancelBuffer
                0x00000000000125a0       0x94 /opt/devkitpro/libnx/lib/libnx.a(buffer_producer.o)
                0x00000000000125a0                bqCancelBuffer
 *fill*         0x0000000000012634        0xc 
 .text.bqConnect
                0x0000000000012640       0xe8 /opt/devkitpro/libnx/lib/libnx.a(buffer_producer.o)
                0x0000000000012640                bqConnect
 *fill*         0x0000000000012728        0x8 
 .text.bqDisconnect
                0x0000000000012730       0x9c /opt/devkitpro/libnx/lib/libnx.a(buffer_producer.o)
                0x0000000000012730                bqDisconnect
 *fill*         0x00000000000127cc        0x4 
 .text.bqSetPreallocatedBuffer
                0x00000000000127d0      0x174 /opt/devkitpro/libnx/lib/libnx.a(buffer_producer.o)
                0x00000000000127d0                bqSetPreallocatedBuffer
 *fill*         0x0000000000012944        0xc 
 .text.binderCreate
                0x0000000000012950       0x18 /opt/devkitpro/libnx/lib/libnx.a(binder.o)
                0x0000000000012950                binderCreate
 *fill*         0x0000000000012968        0x8 
 .text.binderTransactParcel
                0x0000000000012970      0x390 /opt/devkitpro/libnx/lib/libnx.a(binder.o)
                0x0000000000012970                binderTransactParcel
 .text.binderConvertErrorCode
                0x0000000000012d00      0x124 /opt/devkitpro/libnx/lib/libnx.a(binder.o)
                0x0000000000012d00                binderConvertErrorCode
 *fill*         0x0000000000012e24        0xc 
 .text.binderAdjustRefcount
                0x0000000000012e30      0x124 /opt/devkitpro/libnx/lib/libnx.a(binder.o)
                0x0000000000012e30                binderAdjustRefcount
 *fill*         0x0000000000012f54        0xc 
 .text.binderInitSession
                0x0000000000012f60       0x98 /opt/devkitpro/libnx/lib/libnx.a(binder.o)
                0x0000000000012f60                binderInitSession
 *fill*         0x0000000000012ff8        0x8 
 .text.binderClose
                0x0000000000013000       0x68 /opt/devkitpro/libnx/lib/libnx.a(binder.o)
                0x0000000000013000                binderClose
 *fill*         0x0000000000013068        0x8 
 .text.binderGetNativeHandle
                0x0000000000013070      0x158 /opt/devkitpro/libnx/lib/libnx.a(binder.o)
                0x0000000000013070                binderGetNativeHandle
 *fill*         0x00000000000131c8        0x8 
 .text.parcelCreate
                0x00000000000131d0       0x30 /opt/devkitpro/libnx/lib/libnx.a(parcel.o)
                0x00000000000131d0                parcelCreate
 .text.parcelTransact
                0x0000000000013200      0x19c /opt/devkitpro/libnx/lib/libnx.a(parcel.o)
                0x0000000000013200                parcelTransact
 *fill*         0x000000000001339c        0x4 
 .text.parcelWriteData
                0x00000000000133a0       0x88 /opt/devkitpro/libnx/lib/libnx.a(parcel.o)
                0x00000000000133a0                parcelWriteData
 *fill*         0x0000000000013428        0x8 
 .text.parcelReadData
                0x0000000000013430       0x98 /opt/devkitpro/libnx/lib/libnx.a(parcel.o)
                0x0000000000013430                parcelReadData
 *fill*         0x00000000000134c8        0x8 
 .text.parcelWriteInt32
                0x00000000000134d0       0x20 /opt/devkitpro/libnx/lib/libnx.a(parcel.o)
                0x00000000000134d0                parcelWriteInt32
 .text.parcelWriteUInt32
                0x00000000000134f0       0x20 /opt/devkitpro/libnx/lib/libnx.a(parcel.o)
                0x00000000000134f0                parcelWriteUInt32
 .text.parcelWriteString16
                0x0000000000013510       0x7c /opt/devkitpro/libnx/lib/libnx.a(parcel.o)
                0x0000000000013510                parcelWriteString16
 *fill*         0x000000000001358c        0x4 
 .text.parcelWriteInterfaceToken
                0x0000000000013590       0x30 /opt/devkitpro/libnx/lib/libnx.a(parcel.o)
                0x0000000000013590                parcelWriteInterfaceToken
 .text.parcelReadInt32
                0x00000000000135c0       0x24 /opt/devkitpro/libnx/lib/libnx.a(parcel.o)
                0x00000000000135c0                parcelReadInt32
 *fill*         0x00000000000135e4        0xc 
 .text.parcelReadFlattenedObject
                0x00000000000135f0       0x68 /opt/devkitpro/libnx/lib/libnx.a(parcel.o)
                0x00000000000135f0                parcelReadFlattenedObject
 *fill*         0x0000000000013658        0x8 
 .text.parcelWriteFlattenedObject
                0x0000000000013660       0x4c /opt/devkitpro/libnx/lib/libnx.a(parcel.o)
                0x0000000000013660                parcelWriteFlattenedObject
 *fill*         0x00000000000136ac        0x4 
 .text.nxlinkSetup
                0x00000000000136b0       0xc4 /opt/devkitpro/libnx/lib/libnx.a(nxlink.o)
                0x00000000000136b0                nxlinkSetup
 *fill*         0x0000000000013774        0xc 
 .text.aligned_alloc
                0x0000000000013780       0x3c /opt/devkitpro/devkitA64/bin/../lib/gcc/aarch64-none-elf/10.2.0/../../../../aarch64-none-elf/lib/pic/libg.a(lib_a-aligned_alloc.o)
                0x0000000000013780                aligned_alloc
 *fill*         0x00000000000137bc        0x4 
 .text.bsearch  0x00000000000137c0       0xb8 /opt/devkitpro/devkitA64/bin/../lib/gcc/aarch64-none-elf/10.2.0/../../../../aarch64-none-elf/lib/pic/libg.a(lib_a-bsearch.o)
                0x00000000000137c0                bsearch
 *fill*         0x0000000000013878        0x8 
 .text.__errno  0x0000000000013880       0x14 /opt/devkitpro/devkitA64/bin/../lib/gcc/aarch64-none-elf/10.2.0/../../../../aarch64-none-elf/lib/pic/libg.a(lib_a-errno.o)
                0x0000000000013880                __errno
 *fill*         0x0000000000013894        0xc 
 .text.__libc_fini_array
                0x00000000000138a0       0x44 /opt/devkitpro/devkitA64/bin/../lib/gcc/aarch64-none-elf/10.2.0/../../../../aarch64-none-elf/lib/pic/libg.a(lib_a-fini.o)
                0x00000000000138a0                __libc_fini_array
 *fill*         0x00000000000138e4        0xc 
 .text.gmtime   0x00000000000138f0       0x2c /opt/devkitpro/devkitA64/bin/../lib/gcc/aarch64-none-elf/10.2.0/../../../../aarch64-none-elf/lib/pic/libg.a(lib_a-gmtime.o)
                0x00000000000138f0                gmtime
 *fill*         0x000000000001391c        0x4 
 .text.gmtime_r
                0x0000000000013920      0x29c /opt/devkitpro/devkitA64/bin/../lib/gcc/aarch64-none-elf/10.2.0/../../../../aarch64-none-elf/lib/pic/libg.a(lib_a-gmtime_r.o)
                0x0000000000013920                gmtime_r
 *fill*         0x0000000000013bbc        0x4 
 .text.__libc_init_array
                0x0000000000013bc0       0x8c /opt/devkitpro/devkitA64/bin/../lib/gcc/aarch64-none-elf/10.2.0/../../../../aarch64-none-elf/lib/pic/libg.a(lib_a-init.o)
                0x0000000000013bc0                __libc_init_array
 *fill*         0x0000000000013c4c        0x4 
 .text.memalign
                0x0000000000013c50       0x2c /opt/devkitpro/devkitA64/bin/../lib/gcc/aarch64-none-elf/10.2.0/../../../../aarch64-none-elf/lib/pic/libg.a(lib_a-malign.o)
                0x0000000000013c50                memalign
 *fill*         0x0000000000013c7c        0x4 
 .text._memalign_r
                0x0000000000013c80      0x1a0 /opt/devkitpro/devkitA64/bin/../lib/gcc/aarch64-none-elf/10.2.0/../../../../aarch64-none-elf/lib/pic/libg.a(lib_a-malignr.o)
                0x0000000000013c80                _memalign_r
 .text.malloc   0x0000000000013e20       0x24 /opt/devkitpro/devkitA64/bin/../lib/gcc/aarch64-none-elf/10.2.0/../../../../aarch64-none-elf/lib/pic/libg.a(lib_a-malloc.o)
                0x0000000000013e20                malloc
 *fill*         0x0000000000013e44        0xc 
 .text.free     0x0000000000013e50       0x24 /opt/devkitpro/devkitA64/bin/../lib/gcc/aarch64-none-elf/10.2.0/../../../../aarch64-none-elf/lib/pic/libg.a(lib_a-malloc.o)
                0x0000000000013e50                free
 *fill*         0x0000000000013e74        0xc 
 .text._malloc_r
                0x0000000000013e80      0x878 /opt/devkitpro/devkitA64/bin/../lib/gcc/aarch64-none-elf/10.2.0/../../../../aarch64-none-elf/lib/pic/libg.a(lib_a-mallocr.o)
                0x0000000000013e80                _malloc_r
 .text          0x00000000000146f8       0xd8 /opt/devkitpro/devkitA64/bin/../lib/gcc/aarch64-none-elf/10.2.0/../../../../aarch64-none-elf/lib/pic/libg.a(lib_a-memchr.o)
                0x00000000000146f8                memchr
 *fill*         0x00000000000147d0       0x30 
 .text          0x0000000000014800      0x16c /opt/devkitpro/devkitA64/bin/../lib/gcc/aarch64-none-elf/10.2.0/../../../../aarch64-none-elf/lib/pic/libg.a(lib_a-memcpy.o)
                0x0000000000014800                memcpy
 *fill*         0x000000000001496c       0x14 
 .text          0x0000000000014980      0x1dc /opt/devkitpro/devkitA64/bin/../lib/gcc/aarch64-none-elf/10.2.0/../../../../aarch64-none-elf/lib/pic/libg.a(lib_a-memset.o)
                0x0000000000014980                memset
 *fill*         0x0000000000014b5c        0x4 
 .text.__malloc_lock
                0x0000000000014b60        0xc /opt/devkitpro/devkitA64/bin/../lib/gcc/aarch64-none-elf/10.2.0/../../../../aarch64-none-elf/lib/pic/libg.a(lib_a-mlock.o)
                0x0000000000014b60                __malloc_lock
 *fill*         0x0000000000014b6c        0x4 
 .text.__malloc_unlock
                0x0000000000014b70        0xc /opt/devkitpro/devkitA64/bin/../lib/gcc/aarch64-none-elf/10.2.0/../../../../aarch64-none-elf/lib/pic/libg.a(lib_a-mlock.o)
                0x0000000000014b70                __malloc_unlock
 *fill*         0x0000000000014b7c        0x4 
 .text.printf   0x0000000000014b80       0x8c /opt/devkitpro/devkitA64/bin/../lib/gcc/aarch64-none-elf/10.2.0/../../../../aarch64-none-elf/lib/pic/libg.a(lib_a-printf.o)
                0x0000000000014b80                printf
 *fill*         0x0000000000014c0c        0x4 
 .text._puts_r  0x0000000000014c10       0xd0 /opt/devkitpro/devkitA64/bin/../lib/gcc/aarch64-none-elf/10.2.0/../../../../aarch64-none-elf/lib/pic/libg.a(lib_a-puts.o)
                0x0000000000014c10                _puts_r
 .text.puts     0x0000000000014ce0       0x24 /opt/devkitpro/devkitA64/bin/../lib/gcc/aarch64-none-elf/10.2.0/../../../../aarch64-none-elf/lib/pic/libg.a(lib_a-puts.o)
                0x0000000000014ce0                puts
 *fill*         0x0000000000014d04        0xc 
 .text.setenv   0x0000000000014d10       0x3c /opt/devkitpro/devkitA64/bin/../lib/gcc/aarch64-none-elf/10.2.0/../../../../aarch64-none-elf/lib/pic/libg.a(lib_a-setenv.o)
                0x0000000000014d10                setenv
 *fill*         0x0000000000014d4c        0x4 
 .text._setenv_r
                0x0000000000014d50      0x268 /opt/devkitpro/devkitA64/bin/../lib/gcc/aarch64-none-elf/10.2.0/../../../../aarch64-none-elf/lib/pic/libg.a(lib_a-setenv_r.o)
                0x0000000000014d50                _setenv_r
 *fill*         0x0000000000014fb8        0x8 
 .text.setvbuf  0x0000000000014fc0      0x278 /opt/devkitpro/devkitA64/bin/../lib/gcc/aarch64-none-elf/10.2.0/../../../../aarch64-none-elf/lib/pic/libg.a(lib_a-setvbuf.o)
                0x0000000000014fc0                setvbuf
 *fill*         0x0000000000015238        0x8 
 .text.sscanf   0x0000000000015240       0xc0 /opt/devkitpro/devkitA64/bin/../lib/gcc/aarch64-none-elf/10.2.0/../../../../aarch64-none-elf/lib/pic/libg.a(lib_a-sscanf.o)
                0x0000000000015240                sscanf
 .text.__sread  0x0000000000015300       0x50 /opt/devkitpro/devkitA64/bin/../lib/gcc/aarch64-none-elf/10.2.0/../../../../aarch64-none-elf/lib/pic/libg.a(lib_a-stdio.o)
                0x0000000000015300                __sread
 .text.__seofread
                0x0000000000015350        0x8 /opt/devkitpro/devkitA64/bin/../lib/gcc/aarch64-none-elf/10.2.0/../../../../aarch64-none-elf/lib/pic/libg.a(lib_a-stdio.o)
                0x0000000000015350                __seofread
 *fill*         0x0000000000015358        0x8 
 .text.__swrite
                0x0000000000015360       0x6c /opt/devkitpro/devkitA64/bin/../lib/gcc/aarch64-none-elf/10.2.0/../../../../aarch64-none-elf/lib/pic/libg.a(lib_a-stdio.o)
                0x0000000000015360                __swrite
 *fill*         0x00000000000153cc        0x4 
 .text.__sseek  0x00000000000153d0       0x50 /opt/devkitpro/devkitA64/bin/../lib/gcc/aarch64-none-elf/10.2.0/../../../../aarch64-none-elf/lib/pic/libg.a(lib_a-stdio.o)
                0x00000000000153d0                __sseek
 .text.__sclose
                0x0000000000015420        0x8 /opt/devkitpro/devkitA64/bin/../lib/gcc/aarch64-none-elf/10.2.0/../../../../aarch64-none-elf/lib/pic/libg.a(lib_a-stdio.o)
                0x0000000000015420                __sclose
 .text          0x0000000000015428       0xdc /opt/devkitpro/devkitA64/bin/../lib/gcc/aarch64-none-elf/10.2.0/../../../../aarch64-none-elf/lib/pic/libg.a(lib_a-strchr.o)
                0x0000000000015428                strchr
 *fill*         0x0000000000015504       0x3c 
 .text          0x0000000000015540       0xe4 /opt/devkitpro/devkitA64/bin/../lib/gcc/aarch64-none-elf/10.2.0/../../../../aarch64-none-elf/lib/pic/libg.a(lib_a-strcmp.o)
                0x0000000000015540                strcmp
 *fill*         0x0000000000015624       0x1c 
 .text          0x0000000000015640      0x1b8 /opt/devkitpro/devkitA64/bin/../lib/gcc/aarch64-none-elf/10.2.0/../../../../aarch64-none-elf/lib/pic/libg.a(lib_a-strcpy.o)
                0x0000000000015640                strcpy
 *fill*         0x00000000000157f8        0x8 
 .text          0x0000000000015800      0x140 /opt/devkitpro/devkitA64/bin/../lib/gcc/aarch64-none-elf/10.2.0/../../../../aarch64-none-elf/lib/pic/libg.a(lib_a-strlen.o)
                0x0000000000015800                strlen
 .text.strncat  0x0000000000015940       0x7c /opt/devkitpro/devkitA64/bin/../lib/gcc/aarch64-none-elf/10.2.0/../../../../aarch64-none-elf/lib/pic/libg.a(lib_a-strncat.o)
                0x0000000000015940                strncat
 *fill*         0x00000000000159bc        0x4 
 .text          0x00000000000159c0      0x1d4 /opt/devkitpro/devkitA64/bin/../lib/gcc/aarch64-none-elf/10.2.0/../../../../aarch64-none-elf/lib/pic/libg.a(lib_a-strncmp.o)
                0x00000000000159dc                strncmp
 *fill*         0x0000000000015b94        0xc 
 .text.strncpy  0x0000000000015ba0       0x9c /opt/devkitpro/devkitA64/bin/../lib/gcc/aarch64-none-elf/10.2.0/../../../../aarch64-none-elf/lib/pic/libg.a(lib_a-strncpy.o)
                0x0000000000015ba0                strncpy
 *fill*         0x0000000000015c3c        0x4 
 .text          0x0000000000015c40       0xe0 /opt/devkitpro/devkitA64/bin/../lib/gcc/aarch64-none-elf/10.2.0/../../../../aarch64-none-elf/lib/pic/libg.a(lib_a-strnlen.o)
                0x0000000000015c64                strnlen
 .text._strtoul_l.constprop.0
                0x0000000000015d20      0x1a4 /opt/devkitpro/devkitA64/bin/../lib/gcc/aarch64-none-elf/10.2.0/../../../../aarch64-none-elf/lib/pic/libg.a(lib_a-strtoul.o)
 *fill*         0x0000000000015ec4        0xc 
 .text._strtoul_r
                0x0000000000015ed0       0x44 /opt/devkitpro/devkitA64/bin/../lib/gcc/aarch64-none-elf/10.2.0/../../../../aarch64-none-elf/lib/pic/libg.a(lib_a-strtoul.o)
                0x0000000000015ed0                _strtoul_r
 *fill*         0x0000000000015f14        0xc 
 .text.strtoul  0x0000000000015f20       0x48 /opt/devkitpro/devkitA64/bin/../lib/gcc/aarch64-none-elf/10.2.0/../../../../aarch64-none-elf/lib/pic/libg.a(lib_a-strtoul.o)
                0x0000000000015f20                strtoul
 .text.get_arg  0x0000000000015f68       0x74 /opt/devkitpro/devkitA64/bin/../lib/gcc/aarch64-none-elf/10.2.0/../../../../aarch64-none-elf/lib/pic/libg.a(lib_a-svfscanf.o)
 .text.__ssvfscanf_r
                0x0000000000015fdc     0x3108 /opt/devkitpro/devkitA64/bin/../lib/gcc/aarch64-none-elf/10.2.0/../../../../aarch64-none-elf/lib/pic/libg.a(lib_a-svfscanf.o)
                0x0000000000015fdc                __ssvfscanf_r
 .text.get_arg  0x00000000000190e4      0x780 /opt/devkitpro/devkitA64/bin/../lib/gcc/aarch64-none-elf/10.2.0/../../../../aarch64-none-elf/lib/pic/libg.a(lib_a-vfprintf.o)
 .text._vfprintf_r
                0x0000000000019864     0x3cc8 /opt/devkitpro/devkitA64/bin/../lib/gcc/aarch64-none-elf/10.2.0/../../../../aarch64-none-elf/lib/pic/libg.a(lib_a-vfprintf.o)
                0x0000000000019864                _vfprintf_r
 .text.__sbprintf
                0x000000000001d52c       0xf8 /opt/devkitpro/devkitA64/bin/../lib/gcc/aarch64-none-elf/10.2.0/../../../../aarch64-none-elf/lib/pic/libg.a(lib_a-vfprintf.o)
 *fill*         0x000000000001d624        0xc 
 .text._wcrtomb_r
                0x000000000001d630       0xd8 /opt/devkitpro/devkitA64/bin/../lib/gcc/aarch64-none-elf/10.2.0/../../../../aarch64-none-elf/lib/pic/libg.a(lib_a-wcrtomb.o)
                0x000000000001d630                _wcrtomb_r
 *fill*         0x000000000001d708        0x8 
 .text._wcsrtombs_r
                0x000000000001d710       0x10 /opt/devkitpro/devkitA64/bin/../lib/gcc/aarch64-none-elf/10.2.0/../../../../aarch64-none-elf/lib/pic/libg.a(lib_a-wcsrtombs.o)
                0x000000000001d710                _wcsrtombs_r
 .text.__swsetup_r
                0x000000000001d720      0x140 /opt/devkitpro/devkitA64/bin/../lib/gcc/aarch64-none-elf/10.2.0/../../../../aarch64-none-elf/lib/pic/libg.a(lib_a-wsetup.o)
                0x000000000001d720                __swsetup_r
 .text.__call_exitprocs
                0x000000000001d860      0x12c /opt/devkitpro/devkitA64/bin/../lib/gcc/aarch64-none-elf/10.2.0/../../../../aarch64-none-elf/lib/pic/libg.a(lib_a-__call_atexit.o)
                0x000000000001d860                __call_exitprocs
 *fill*         0x000000000001d98c        0x4 
 .text.quorem   0x000000000001d990      0x19c /opt/devkitpro/devkitA64/bin/../lib/gcc/aarch64-none-elf/10.2.0/../../../../aarch64-none-elf/lib/pic/libg.a(lib_a-dtoa.o)
 *fill*         0x000000000001db2c        0x4 
 .text._dtoa_r  0x000000000001db30     0x11a0 /opt/devkitpro/devkitA64/bin/../lib/gcc/aarch64-none-elf/10.2.0/../../../../aarch64-none-elf/lib/pic/libg.a(lib_a-dtoa.o)
                0x000000000001db30                _dtoa_r
 .text.__env_lock
                0x000000000001ecd0        0xc /opt/devkitpro/devkitA64/bin/../lib/gcc/aarch64-none-elf/10.2.0/../../../../aarch64-none-elf/lib/pic/libg.a(lib_a-envlock.o)
                0x000000000001ecd0                __env_lock
 *fill*         0x000000000001ecdc        0x4 
 .text.__env_unlock
                0x000000000001ece0        0xc /opt/devkitpro/devkitA64/bin/../lib/gcc/aarch64-none-elf/10.2.0/../../../../aarch64-none-elf/lib/pic/libg.a(lib_a-envlock.o)
                0x000000000001ece0                __env_unlock
 *fill*         0x000000000001ecec        0x4 
 .text.__sflush_r
                0x000000000001ecf0      0x228 /opt/devkitpro/devkitA64/bin/../lib/gcc/aarch64-none-elf/10.2.0/../../../../aarch64-none-elf/lib/pic/libg.a(lib_a-fflush.o)
                0x000000000001ecf0                __sflush_r
 *fill*         0x000000000001ef18        0x8 
 .text._fflush_r
                0x000000000001ef20       0xb8 /opt/devkitpro/devkitA64/bin/../lib/gcc/aarch64-none-elf/10.2.0/../../../../aarch64-none-elf/lib/pic/libg.a(lib_a-fflush.o)
                0x000000000001ef20                _fflush_r
 *fill*         0x000000000001efd8        0x8 
 .text._cleanup_r
                0x000000000001efe0        0xc /opt/devkitpro/devkitA64/bin/../lib/gcc/aarch64-none-elf/10.2.0/../../../../aarch64-none-elf/lib/pic/libg.a(lib_a-findfp.o)
                0x000000000001efe0                _cleanup_r
 *fill*         0x000000000001efec        0x4 
 .text.__sfp_lock_acquire
                0x000000000001eff0        0xc /opt/devkitpro/devkitA64/bin/../lib/gcc/aarch64-none-elf/10.2.0/../../../../aarch64-none-elf/lib/pic/libg.a(lib_a-findfp.o)
                0x000000000001eff0                __sfp_lock_acquire
 *fill*         0x000000000001effc        0x4 
 .text.__sfp_lock_release
                0x000000000001f000        0xc /opt/devkitpro/devkitA64/bin/../lib/gcc/aarch64-none-elf/10.2.0/../../../../aarch64-none-elf/lib/pic/libg.a(lib_a-findfp.o)
                0x000000000001f000                __sfp_lock_release
 *fill*         0x000000000001f00c        0x4 
 .text.__sinit_lock_acquire
                0x000000000001f010        0xc /opt/devkitpro/devkitA64/bin/../lib/gcc/aarch64-none-elf/10.2.0/../../../../aarch64-none-elf/lib/pic/libg.a(lib_a-findfp.o)
                0x000000000001f010                __sinit_lock_acquire
 *fill*         0x000000000001f01c        0x4 
 .text.__sinit_lock_release
                0x000000000001f020        0xc /opt/devkitpro/devkitA64/bin/../lib/gcc/aarch64-none-elf/10.2.0/../../../../aarch64-none-elf/lib/pic/libg.a(lib_a-findfp.o)
                0x000000000001f020                __sinit_lock_release
 *fill*         0x000000000001f02c        0x4 
 .text.__sinit  0x000000000001f030      0x154 /opt/devkitpro/devkitA64/bin/../lib/gcc/aarch64-none-elf/10.2.0/../../../../aarch64-none-elf/lib/pic/libg.a(lib_a-findfp.o)
                0x000000000001f030                __sinit
 *fill*         0x000000000001f184        0xc 
 .text._malloc_trim_r
                0x000000000001f190      0x118 /opt/devkitpro/devkitA64/bin/../lib/gcc/aarch64-none-elf/10.2.0/../../../../aarch64-none-elf/lib/pic/libg.a(lib_a-freer.o)
                0x000000000001f190                _malloc_trim_r
 *fill*         0x000000000001f2a8        0x8 
 .text._free_r  0x000000000001f2b0      0x2f0 /opt/devkitpro/devkitA64/bin/../lib/gcc/aarch64-none-elf/10.2.0/../../../../aarch64-none-elf/lib/pic/libg.a(lib_a-freer.o)
                0x000000000001f2b0                _free_r
 .text.__sfvwrite_r
                0x000000000001f5a0      0x4bc /opt/devkitpro/devkitA64/bin/../lib/gcc/aarch64-none-elf/10.2.0/../../../../aarch64-none-elf/lib/pic/libg.a(lib_a-fvwrite.o)
                0x000000000001f5a0                __sfvwrite_r
 *fill*         0x000000000001fa5c        0x4 
 .text._fwalk_reent
                0x000000000001fa60       0xa4 /opt/devkitpro/devkitA64/bin/../lib/gcc/aarch64-none-elf/10.2.0/../../../../aarch64-none-elf/lib/pic/libg.a(lib_a-fwalk.o)
                0x000000000001fa60                _fwalk_reent
 *fill*         0x000000000001fb04        0xc 
 .text._findenv_r
                0x000000000001fb10      0x100 /opt/devkitpro/devkitA64/bin/../lib/gcc/aarch64-none-elf/10.2.0/../../../../aarch64-none-elf/lib/pic/libg.a(lib_a-getenv_r.o)
                0x000000000001fb10                _findenv_r
 .text.iswspace
                0x000000000001fc10        0x8 /opt/devkitpro/devkitA64/bin/../lib/gcc/aarch64-none-elf/10.2.0/../../../../aarch64-none-elf/lib/pic/libg.a(lib_a-iswspace.o)
                0x000000000001fc10                iswspace
 *fill*         0x000000000001fc18        0x8 
 .text.__localeconv_l
                0x000000000001fc20        0x8 /opt/devkitpro/devkitA64/bin/../lib/gcc/aarch64-none-elf/10.2.0/../../../../aarch64-none-elf/lib/pic/libg.a(lib_a-localeconv.o)
                0x000000000001fc20                __localeconv_l
 *fill*         0x000000000001fc28        0x8 
 .text._localeconv_r
                0x000000000001fc30       0x28 /opt/devkitpro/devkitA64/bin/../lib/gcc/aarch64-none-elf/10.2.0/../../../../aarch64-none-elf/lib/pic/libg.a(lib_a-localeconv.o)
                0x000000000001fc30                _localeconv_r
 *fill*         0x000000000001fc58        0x8 
 .text.__locale_mb_cur_max
                0x000000000001fc60       0x2c /opt/devkitpro/devkitA64/bin/../lib/gcc/aarch64-none-elf/10.2.0/../../../../aarch64-none-elf/lib/pic/libg.a(lib_a-locale.o)
                0x000000000001fc60                __locale_mb_cur_max
 *fill*         0x000000000001fc8c        0x4 
 .text.__swhatbuf_r
                0x000000000001fc90       0xa4 /opt/devkitpro/devkitA64/bin/../lib/gcc/aarch64-none-elf/10.2.0/../../../../aarch64-none-elf/lib/pic/libg.a(lib_a-makebuf.o)
                0x000000000001fc90                __swhatbuf_r
 *fill*         0x000000000001fd34        0xc 
 .text.__smakebuf_r
                0x000000000001fd40      0x10c /opt/devkitpro/devkitA64/bin/../lib/gcc/aarch64-none-elf/10.2.0/../../../../aarch64-none-elf/lib/pic/libg.a(lib_a-makebuf.o)
                0x000000000001fd40                __smakebuf_r
 *fill*         0x000000000001fe4c        0x4 
 .text._mbrtowc_r
                0x000000000001fe50       0xf0 /opt/devkitpro/devkitA64/bin/../lib/gcc/aarch64-none-elf/10.2.0/../../../../aarch64-none-elf/lib/pic/libg.a(lib_a-mbrtowc.o)
                0x000000000001fe50                _mbrtowc_r
 .text.__utf8_mbtowc
                0x000000000001ff40      0x2c8 /opt/devkitpro/devkitA64/bin/../lib/gcc/aarch64-none-elf/10.2.0/../../../../aarch64-none-elf/lib/pic/libg.a(lib_a-mbtowc_r.o)
                0x000000000001ff40                __utf8_mbtowc
 *fill*         0x0000000000020208       0x38 
 .text          0x0000000000020240       0xac /opt/devkitpro/devkitA64/bin/../lib/gcc/aarch64-none-elf/10.2.0/../../../../aarch64-none-elf/lib/pic/libg.a(lib_a-memmove.o)
                0x0000000000020240                memmove
 *fill*         0x00000000000202ec        0x4 
 .text._Balloc  0x00000000000202f0       0x8c /opt/devkitpro/devkitA64/bin/../lib/gcc/aarch64-none-elf/10.2.0/../../../../aarch64-none-elf/lib/pic/libg.a(lib_a-mprec.o)
                0x00000000000202f0                _Balloc
 *fill*         0x000000000002037c        0x4 
 .text._Bfree   0x0000000000020380       0x1c /opt/devkitpro/devkitA64/bin/../lib/gcc/aarch64-none-elf/10.2.0/../../../../aarch64-none-elf/lib/pic/libg.a(lib_a-mprec.o)
                0x0000000000020380                _Bfree
 *fill*         0x000000000002039c        0x4 
 .text.__multadd
                0x00000000000203a0      0x108 /opt/devkitpro/devkitA64/bin/../lib/gcc/aarch64-none-elf/10.2.0/../../../../aarch64-none-elf/lib/pic/libg.a(lib_a-mprec.o)
                0x00000000000203a0                __multadd
 *fill*         0x00000000000204a8        0x8 